Archive member included to satisfy reference by file (symbol)

c:/nxp/mcuxpressoide_11.6.0_8187/ide/plugins/com.nxp.mcuxpresso.tools.win32_11.6.0.202112161359/tools/bin/../lib/gcc/arm-none-eabi/10.3.1/../../../../arm-none-eabi/lib/thumb/v6-m/nofp\libcr_nohost_nf.a(__ciob.o)
                              ./source/main.o (__Ciob)
c:/nxp/mcuxpressoide_11.6.0_8187/ide/plugins/com.nxp.mcuxpresso.tools.win32_11.6.0.202112161359/tools/bin/../lib/gcc/arm-none-eabi/10.3.1/../../../../arm-none-eabi/lib/thumb/v6-m/nofp\libcr_nohost_nf.a(_cr__main.o)
                              ./startup/startup_mkl25z4.o (__main)
c:/nxp/mcuxpressoide_11.6.0_8187/ide/plugins/com.nxp.mcuxpresso.tools.win32_11.6.0.202112161359/tools/bin/../lib/gcc/arm-none-eabi/10.3.1/../../../../arm-none-eabi/lib/thumb/v6-m/nofp\libcr_c.a(memcpy.o)
                              ./drivers/fsl_flash.o (memcpy)
c:/nxp/mcuxpressoide_11.6.0_8187/ide/plugins/com.nxp.mcuxpresso.tools.win32_11.6.0.202112161359/tools/bin/../lib/gcc/arm-none-eabi/10.3.1/../../../../arm-none-eabi/lib/thumb/v6-m/nofp\libcr_c.a(memset.o)
                              ./drivers/fsl_flash.o (memset)
c:/nxp/mcuxpressoide_11.6.0_8187/ide/plugins/com.nxp.mcuxpresso.tools.win32_11.6.0.202112161359/tools/bin/../lib/gcc/arm-none-eabi/10.3.1/../../../../arm-none-eabi/lib/thumb/v6-m/nofp\libcr_c.a(__fillbuf.o)
                              ./source/main.o (__filbuf)
c:/nxp/mcuxpressoide_11.6.0_8187/ide/plugins/com.nxp.mcuxpresso.tools.win32_11.6.0.202112161359/tools/bin/../lib/gcc/arm-none-eabi/10.3.1/../../../../arm-none-eabi/lib/thumb/v6-m/nofp\libcr_c.a(_deferredlazyseek.o)
                              c:/nxp/mcuxpressoide_11.6.0_8187/ide/plugins/com.nxp.mcuxpresso.tools.win32_11.6.0.202112161359/tools/bin/../lib/gcc/arm-none-eabi/10.3.1/../../../../arm-none-eabi/lib/thumb/v6-m/nofp\libcr_c.a(__fillbuf.o) (_deferredlazyseek)
c:/nxp/mcuxpressoide_11.6.0_8187/ide/plugins/com.nxp.mcuxpresso.tools.win32_11.6.0.202112161359/tools/bin/../lib/gcc/arm-none-eabi/10.3.1/../../../../arm-none-eabi/lib/thumb/v6-m/nofp\libcr_c.a(_fflush.o)
                              c:/nxp/mcuxpressoide_11.6.0_8187/ide/plugins/com.nxp.mcuxpresso.tools.win32_11.6.0.202112161359/tools/bin/../lib/gcc/arm-none-eabi/10.3.1/../../../../arm-none-eabi/lib/thumb/v6-m/nofp\libcr_c.a(__fillbuf.o) (_fflush)
c:/nxp/mcuxpressoide_11.6.0_8187/ide/plugins/com.nxp.mcuxpresso.tools.win32_11.6.0.202112161359/tools/bin/../lib/gcc/arm-none-eabi/10.3.1/../../../../arm-none-eabi/lib/thumb/v6-m/nofp\libcr_c.a(_writebuf.o)
                              c:/nxp/mcuxpressoide_11.6.0_8187/ide/plugins/com.nxp.mcuxpresso.tools.win32_11.6.0.202112161359/tools/bin/../lib/gcc/arm-none-eabi/10.3.1/../../../../arm-none-eabi/lib/thumb/v6-m/nofp\libcr_c.a(_deferredlazyseek.o) (_Cwritebuf)
c:/nxp/mcuxpressoide_11.6.0_8187/ide/plugins/com.nxp.mcuxpresso.tools.win32_11.6.0.202112161359/tools/bin/../lib/gcc/arm-none-eabi/10.3.1/../../../../arm-none-eabi/lib/thumb/v6-m/nofp\libcr_c.a(alloc.o)
                              c:/nxp/mcuxpressoide_11.6.0_8187/ide/plugins/com.nxp.mcuxpresso.tools.win32_11.6.0.202112161359/tools/bin/../lib/gcc/arm-none-eabi/10.3.1/../../../../arm-none-eabi/lib/thumb/v6-m/nofp\libcr_c.a(__fillbuf.o) (_Csys_alloc)
c:/nxp/mcuxpressoide_11.6.0_8187/ide/plugins/com.nxp.mcuxpresso.tools.win32_11.6.0.202112161359/tools/bin/../lib/gcc/arm-none-eabi/10.3.1/../../../../arm-none-eabi/lib/thumb/v6-m/nofp\libcr_c.a(atan2.o)
                              ./source/MMA8451Q.o (atan2)
c:/nxp/mcuxpressoide_11.6.0_8187/ide/plugins/com.nxp.mcuxpresso.tools.win32_11.6.0.202112161359/tools/bin/../lib/gcc/arm-none-eabi/10.3.1/../../../../arm-none-eabi/lib/thumb/v6-m/nofp\libcr_c.a(errno.o)
                              c:/nxp/mcuxpressoide_11.6.0_8187/ide/plugins/com.nxp.mcuxpresso.tools.win32_11.6.0.202112161359/tools/bin/../lib/gcc/arm-none-eabi/10.3.1/../../../../arm-none-eabi/lib/thumb/v6-m/nofp\libcr_c.a(atan2.o) (errno)
c:/nxp/mcuxpressoide_11.6.0_8187/ide/plugins/com.nxp.mcuxpresso.tools.win32_11.6.0.202112161359/tools/bin/../lib/gcc/arm-none-eabi/10.3.1/../../../../arm-none-eabi/lib/thumb/v6-m/nofp\libcr_c.a(fabs.o)
                              c:/nxp/mcuxpressoide_11.6.0_8187/ide/plugins/com.nxp.mcuxpresso.tools.win32_11.6.0.202112161359/tools/bin/../lib/gcc/arm-none-eabi/10.3.1/../../../../arm-none-eabi/lib/thumb/v6-m/nofp\libcr_c.a(atan2.o) (fabs)
c:/nxp/mcuxpressoide_11.6.0_8187/ide/plugins/com.nxp.mcuxpresso.tools.win32_11.6.0.202112161359/tools/bin/../lib/gcc/arm-none-eabi/10.3.1/../../../../arm-none-eabi/lib/thumb/v6-m/nofp\libcr_c.a(fpprintf.o)
                              ./source/statemachine.o (printf_char)
c:/nxp/mcuxpressoide_11.6.0_8187/ide/plugins/com.nxp.mcuxpresso.tools.win32_11.6.0.202112161359/tools/bin/../lib/gcc/arm-none-eabi/10.3.1/../../../../arm-none-eabi/lib/thumb/v6-m/nofp\libcr_c.a(fseek.o)
[...]
Memory Configuration

Name             Origin             Length             Attributes
PROGRAM_FLASH    0x00000000         0x00020000         xr
SRAM             0x1ffff000         0x00004000         xrw
*default*        0x00000000         0xffffffff

Linker script and memory map

LOAD ./utilities/fsl_debug_console.o
LOAD ./startup/startup_mkl25z4.o
LOAD ./source/I2C.o
LOAD ./source/LED.o
LOAD ./source/MMA8451Q.o
LOAD ./source/Systick.o
LOAD ./source/cbfifo.o
LOAD ./source/main.o
LOAD ./source/mtb.o
LOAD ./source/semihost_hardfault.o
LOAD ./source/statemachine.o
LOAD ./source/switch.o
LOAD ./source/sysclock.o
LOAD ./source/test_angle_detect.o
LOAD ./source/test_cbfifo.o
LOAD ./source/test_led_pwm.o
LOAD ./source/test_suite.o
LOAD ./source/uart.o
LOAD ./drivers/fsl_clock.o
LOAD ./drivers/fsl_common.o
LOAD ./drivers/fsl_flash.o
LOAD ./drivers/fsl_gpio.o
LOAD ./drivers/fsl_lpsci.o
LOAD ./drivers/fsl_smc.o
LOAD ./drivers/fsl_uart.o
LOAD ./board/board.o
LOAD ./board/clock_config.o
LOAD ./board/peripherals.o
LOAD ./board/pin_mux.o
LOAD ./CMSIS/system_MKL25Z4.o
START GROUP
LOAD c:/nxp/mcuxpressoide_11.6.0_8187/ide/plugins/com.nxp.mcuxpresso.tools.win32_11.6.0.202112161359/tools/bin/../lib/gcc/arm-none-eabi/10.3.1/../../../../arm-none-eabi/lib/thumb/v6-m/nofp\libcr_nohost_nf.a
LOAD c:/nxp/mcuxpressoide_11.6.0_8187/ide/plugins/com.nxp.mcuxpresso.tools.win32_11.6.0.202112161359/tools/bin/../lib/gcc/arm-none-eabi/10.3.1/../../../../arm-none-eabi/lib/thumb/v6-m/nofp\libcr_c.a
LOAD c:/nxp/mcuxpressoide_11.6.0_8187/ide/plugins/com.nxp.mcuxpresso.tools.win32_11.6.0.202112161359/tools/bin/../lib/gcc/arm-none-eabi/10.3.1/thumb/v6-m/nofp\libcr_eabihelpers.a
LOAD c:/nxp/mcuxpressoide_11.6.0_8187/ide/plugins/com.nxp.mcuxpresso.tools.win32_11.6.0.202112161359/tools/bin/../lib/gcc/arm-none-eabi/10.3.1/thumb/v6-m/nofp\libgcc.a
END GROUP
                0x00000000                __base_PROGRAM_FLASH = 0x0
                0x00000000                __base_Flash = 0x0
                0x00020000                __top_PROGRAM_FLASH = 0x20000
                0x00020000                __top_Flash = 0x20000
                0x1ffff000                __base_SRAM = 0x1ffff000
                0x1ffff000                __base_RAM = 0x1ffff000
                0x20003000                __top_SRAM = 0x20003000
                0x20003000                __top_RAM = 0x20003000

.text           0x00000000     0x8068
 FILL mask 0xff
                0x00000000                __vectors_start__ = ABSOLUTE (.)
 *(SORT_BY_ALIGNMENT(.isr_vector))
 .isr_vector    0x00000000       0xc0 ./startup/startup_mkl25z4.o
                0x00000000                g_pfnVectors
                0x00000000                __Vectors
                0x000000c0                . = ALIGN (0x4)
                0x000000c0                __section_table_start = .
                0x000000c0                __data_section_table = .
                0x000000c0        0x4 LONG 0x8068 LOADADDR (.data)
                0x000000c4        0x4 LONG 0x1ffff080 ADDR (.data)
                0x000000c8        0x4 LONG 0x8 SIZEOF (.data)
                0x000000cc                __data_section_table_end = .
                0x000000cc                __bss_section_table = .
                0x000000cc        0x4 LONG 0x1ffff088 ADDR (.bss)
                0x000000d0        0x4 LONG 0x564 SIZEOF (.bss)
                0x000000d4                __bss_section_table_end = .
                0x000000d4                __section_table_end = .
 *(SORT_BY_ALIGNMENT(.after_vectors*))
 .after_vectors.reset
                0x000000d4       0x4c ./startup/startup_mkl25z4.o
                0x000000d4                ResetISR
 .after_vectors.init_data
                0x00000120       0x12 ./startup/startup_mkl25z4.o
                0x00000120                data_init
 .after_vectors.init_bss
                0x00000132       0x10 ./startup/startup_mkl25z4.o
                0x00000132                bss_init
 .after_vectors
                0x00000142      0x10c ./startup/startup_mkl25z4.o
                0x00000142                NMI_Handler
                0x00000146                SVC_Handler
                0x00000148                PendSV_Handler
                0x0000014c                SPI1_DriverIRQHandler
                0x0000014c                LPTMR0_DriverIRQHandler
                0x0000014c                DMA0_DriverIRQHandler
                0x0000014c                I2C0_DriverIRQHandler
                0x0000014c                Reserved39_DriverIRQHandler
                0x0000014c                PORTD_DriverIRQHandler
                0x0000014c                DMA2_DriverIRQHandler
                0x0000014c                CMP0_DriverIRQHandler
                0x0000014c                TPM2_DriverIRQHandler
                0x0000014c                ADC0_DriverIRQHandler
                0x0000014c                SPI0_DriverIRQHandler
                0x0000014c                TSI0_DriverIRQHandler
                0x0000014c                RTC_Seconds_DriverIRQHandler
                0x0000014c                I2C1_DriverIRQHandler
                0x0000014c                LLWU_DriverIRQHandler
                0x0000014c                MCG_DriverIRQHandler
                0x0000014c                DMA1_DriverIRQHandler
                0x0000014c                PIT_DriverIRQHandler
                0x0000014c                RTC_DriverIRQHandler
                0x0000014c                FTFA_DriverIRQHandler
                0x0000014c                IntDefaultHandler
                0x0000014c                USB0_DriverIRQHandler
                0x0000014c                DAC0_DriverIRQHandler
                0x0000014c                LVD_LVW_DriverIRQHandler
                0x0000014c                TPM0_DriverIRQHandler
                0x0000014c                TPM1_DriverIRQHandler
                0x0000014c                PORTA_DriverIRQHandler
                0x0000014c                Reserved20_DriverIRQHandler
                0x0000014c                DMA3_DriverIRQHandler
                0x0000014c                Reserved45_DriverIRQHandler
                0x0000014e                DMA0_IRQHandler
                0x00000156                DMA1_IRQHandler
                0x0000015e                DMA2_IRQHandler
                0x00000166                DMA3_IRQHandler
                0x0000016e                Reserved20_IRQHandler
                0x00000176                FTFA_IRQHandler
                0x0000017e                LVD_LVW_IRQHandler
                0x00000186                LLWU_IRQHandler
                0x0000018e                I2C0_IRQHandler
                0x00000196                I2C1_IRQHandler
                0x0000019e                SPI0_IRQHandler
                0x000001a6                SPI1_IRQHandler
                0x000001b6                UART1_IRQHandler
                0x000001be                UART2_IRQHandler
                0x000001c6                ADC0_IRQHandler
                0x000001ce                CMP0_IRQHandler
                0x000001d6                TPM0_IRQHandler
                0x000001de                TPM1_IRQHandler
                0x000001e6                TPM2_IRQHandler
                0x000001ee                RTC_IRQHandler
                0x000001f6                RTC_Seconds_IRQHandler
                0x000001fe                PIT_IRQHandler
                0x00000206                Reserved39_IRQHandler
                0x0000020e                USB0_IRQHandler
                0x00000216                DAC0_IRQHandler
                0x0000021e                TSI0_IRQHandler
                0x00000226                MCG_IRQHandler
                0x0000022e                LPTMR0_IRQHandler
                0x00000236                Reserved45_IRQHandler
                0x0000023e                PORTA_IRQHandler
                0x00000400                . = 0x400
 *fill*         0x0000024e      0x1b2 ff
                0x00000400                PROVIDE (__FLASH_CONFIG_START__ = .)
 *(SORT_BY_ALIGNMENT(.FlashConfig))
 .FlashConfig   0x00000400       0x10 ./startup/startup_mkl25z4.o
                0x00000400                Flash_Config
                0x00000410                PROVIDE (__FLASH_CONFIG_END__ = .)
                0x00000001                ASSERT (! ((__FLASH_CONFIG_START__ == __FLASH_CONFIG_END__)), Linker Flash Config Support Enabled, but no .FlashConfig section provided within application)
 *(SORT_BY_ALIGNMENT(.text*))
 .text.DbgConsole_Init
                0x00000410       0xf4 ./utilities/fsl_debug_console.o
                0x00000410                DbgConsole_Init
 .text.DbgConsole_Printf
                0x00000504       0x44 ./utilities/fsl_debug_console.o
                0x00000504                DbgConsole_Printf
 .text.DbgConsole_Putchar
                0x00000548       0x34 ./utilities/fsl_debug_console.o
                0x00000548                DbgConsole_Putchar
 .text.DbgConsole_ConvertFloatRadixNumToString
                0x0000057c      0x28c ./utilities/fsl_debug_console.o
 .text.i2c_init
                0x00000808       0x84 ./source/I2C.o
                0x00000808                i2c_init
 .text.i2c_busy
                0x0000088c      0x174 ./source/I2C.o
                0x0000088c                i2c_busy
 .text.i2c_wait
                0x00000a00       0x6c ./source/I2C.o
                0x00000a00                i2c_wait
 .text.i2c_start
                0x00000a6c       0x30 ./source/I2C.o
                0x00000a6c                i2c_start
 .text.i2c_read_setup
                0x00000a9c       0x68 ./source/I2C.o
                0x00000a9c                i2c_read_setup
 .text.i2c_repeated_read
                0x00000b04       0x80 ./source/I2C.o
                0x00000b04                i2c_repeated_read
 .text.i2c_write_byte
                0x00000b84       0x80 ./source/I2C.o
                0x00000b84                i2c_write_byte
 .text.PWM_START
                0x00000c04      0x150 ./source/LED.o
                0x00000c04                PWM_START
 .text.colors   0x00000d54       0x64 ./source/LED.o
                0x00000d54                colors
 .text.convert_xyz_to_roll_pitch
                0x00000db8      0x15c ./source/MMA8451Q.o
                0x00000db8                convert_xyz_to_roll_pitch
 .text.NVIC_SetPriority
                0x00000f14       0xdc ./source/Systick.o
 .text.init_systick
                0x00000ff0       0x30 ./source/Systick.o
                0x00000ff0                init_systick
 .text.reset_timer
                0x00001020       0x14 ./source/Systick.o
                0x00001020                reset_timer
 .text.get_timer
                0x00001034       0x14 ./source/Systick.o
                0x00001034                get_timer
 .text.SysTick_Handler
                0x00001048       0x30 ./source/Systick.o
                0x00001048                SysTick_Handler
 .text.cbfifo_enqueue
                0x00001078       0xb8 ./source/cbfifo.o
                0x00001078                cbfifo_enqueue
 .text.cbfifo_dequeue
                0x00001130       0xb4 ./source/cbfifo.o
                0x00001130                cbfifo_dequeue
 .text.cbfifo_length
                0x000011e4       0x14 ./source/cbfifo.o
                0x000011e4                cbfifo_length
 .text.main     0x000011f8       0x40 ./source/main.o
                0x000011f8                main
 .text.calibrate_check
                0x00001238      0x1a0 ./source/main.o
                0x00001238                calibrate_check
 .text.HardFault_Handler
                0x000013d8       0x30 ./source/semihost_hardfault.o
                0x000013d8                HardFault_Handler
 .text.state_machine
                0x00001408       0x34 ./source/statemachine.o
                0x00001408                state_machine
 .text.handle_calibrate_to_zero
                0x0000143c       0xec ./source/statemachine.o
                0x0000143c                handle_calibrate_to_zero
 .text.handle_calibrate_state
                0x00001528       0x80 ./source/statemachine.o
                0x00001528                handle_calibrate_state
 .text.handle_angle_gauge_state
                0x000015a8       0xe0 ./source/statemachine.o
                0x000015a8                handle_angle_gauge_state
 .text.set_reference_angle
                0x00001688       0x1c ./source/statemachine.o
                0x00001688                set_reference_angle
 .text.NVIC_EnableIRQ
                0x000016a4       0x2c ./source/switch.o
 .text.init_switch
                0x000016d0       0x78 ./source/switch.o
                0x000016d0                init_switch
 .text.PORTD_IRQHandler
                0x00001748       0x50 ./source/switch.o
                0x00001748                PORTD_IRQHandler
 .text.sysclock_init
                0x00001798       0x78 ./source/sysclock.o
                0x00001798                sysclock_init
 .text.test_angle_detect_color
                0x00001810       0xec ./source/test_angle_detect.o
                0x00001810                test_angle_detect_color
 .text.test_cbfifo_one_iteration
                0x000018fc      0x1f8 ./source/test_cbfifo.o
 .text.test_cbfifo
                0x00001af4       0x3c ./source/test_cbfifo.o
                0x00001af4                test_cbfifo
 .text.test_led_PWM
                0x00001b30       0xd4 ./source/test_led_pwm.o
                0x00001b30                test_led_PWM
 .text.test_suite
                0x00001c04       0x78 ./source/test_suite.o
                0x00001c04                test_suite
 .text.NVIC_EnableIRQ
                0x00001c7c       0x2c ./source/uart.o
 .text.NVIC_ClearPendingIRQ
                0x00001ca8       0x30 ./source/uart.o
 .text.NVIC_SetPriority
                0x00001cd8       0xdc ./source/uart.o
 .text.uart0_init
                0x00001db4      0x150 ./source/uart.o
                0x00001db4                uart0_init
 .text.UART0_IRQHandler
                0x00001f04       0xbc ./source/uart.o
                0x00001f04                UART0_IRQHandler
 .text.__sys_write
                0x00001fc0       0x78 ./source/uart.o
                0x00001fc0                __sys_write
 .text.__sys_readc
                0x00002038       0x2c ./source/uart.o
                0x00002038                __sys_readc
 .text.CLOCK_SetEr32kClock
                0x00002064       0x34 ./drivers/fsl_clock.o
 .text.CLOCK_SetPllFllSelClock
                0x00002098       0x38 ./drivers/fsl_clock.o
 .text.CLOCK_GetMcgExtClkFreq
                0x000020d0       0x28 ./drivers/fsl_clock.o
 .text.CLOCK_GetFllExtRefClkFreq
                0x000020f8       0xa8 ./drivers/fsl_clock.o
 .text.CLOCK_GetFllRefClkFreq
                0x000021a0       0x2c ./drivers/fsl_clock.o
 .text.CLOCK_GetOscRangeFromFreq
                0x000021cc       0x4c ./drivers/fsl_clock.o
 .text.CLOCK_GetPllFllSelClkFreq
                0x00002218       0x4c ./drivers/fsl_clock.o
                0x00002218                CLOCK_GetPllFllSelClkFreq
 .text.CLOCK_SetSimConfig
                0x00002264       0x38 ./drivers/fsl_clock.o
                0x00002264                CLOCK_SetSimConfig
 .text.CLOCK_GetFllFreq
                0x0000229c       0x84 ./drivers/fsl_clock.o
                0x0000229c                CLOCK_GetFllFreq
 .text.CLOCK_GetPll0Freq
                0x00002320       0x70 ./drivers/fsl_clock.o
                0x00002320                CLOCK_GetPll0Freq
 .text.CLOCK_SetInternalRefClkConfig
                0x00002390      0x124 ./drivers/fsl_clock.o
                0x00002390                CLOCK_SetInternalRefClkConfig
 .text.CLOCK_EnablePll0
                0x000024b4       0x94 ./drivers/fsl_clock.o
                0x000024b4                CLOCK_EnablePll0
 .text.CLOCK_InitOsc0
                0x00002548       0x94 ./drivers/fsl_clock.o
                0x00002548                CLOCK_InitOsc0
 .text.CLOCK_SetPbeMode
                0x000025dc       0xb0 ./drivers/fsl_clock.o
                0x000025dc                CLOCK_SetPbeMode
 .text.CLOCK_BootToPeeMode
                0x0000268c       0x70 ./drivers/fsl_clock.o
                0x0000268c                CLOCK_BootToPeeMode
 .text.__assertion_failed
                0x000026fc       0x1c ./drivers/fsl_common.o
                0x000026fc                __assertion_failed
 .text.CLOCK_EnableClock
                0x00002718       0x34 ./drivers/fsl_lpsci.o
 .text.LPSCI_GetInstance
                0x0000274c       0x48 ./drivers/fsl_lpsci.o
                0x0000274c                LPSCI_GetInstance
 .text.LPSCI_Init
                0x00002794      0x258 ./drivers/fsl_lpsci.o
                0x00002794                LPSCI_Init
 .text.LPSCI_GetDefaultConfig
                0x000029ec       0x44 ./drivers/fsl_lpsci.o
                0x000029ec                LPSCI_GetDefaultConfig
 .text.LPSCI_ClearStatusFlags
                0x00002a30       0x94 ./drivers/fsl_lpsci.o
                0x00002a30                LPSCI_ClearStatusFlags
 .text.LPSCI_WriteBlocking
                0x00002ac4       0x4c ./drivers/fsl_lpsci.o
                0x00002ac4                LPSCI_WriteBlocking
 .text.LPSCI_ReadBlocking
                0x00002b10       0xc0 ./drivers/fsl_lpsci.o
                0x00002b10                LPSCI_ReadBlocking
 .text.UART0_DriverIRQHandler
                0x00002bd0       0x24 ./drivers/fsl_lpsci.o
                0x00002bd0                UART0_DriverIRQHandler
 .text.CLOCK_EnableClock
                0x00002bf4       0x34 ./drivers/fsl_uart.o
 .text.UART_GetInstance
                0x00002c28       0x54 ./drivers/fsl_uart.o
                0x00002c28                UART_GetInstance
 .text.UART_Init
                0x00002c7c      0x1e0 ./drivers/fsl_uart.o
                0x00002c7c                UART_Init
 .text.UART_GetDefaultConfig
                0x00002e5c       0x44 ./drivers/fsl_uart.o
                0x00002e5c                UART_GetDefaultConfig
 .text.UART_ReadBlocking
                0x00002ea0       0x98 ./drivers/fsl_uart.o
                0x00002ea0                UART_ReadBlocking
 .text.UART1_DriverIRQHandler
                0x00002f38       0x24 ./drivers/fsl_uart.o
                0x00002f38                UART1_DriverIRQHandler
 .text.UART2_DriverIRQHandler
                0x00002f5c       0x24 ./drivers/fsl_uart.o
                0x00002f5c                UART2_DriverIRQHandler
 .text.CLOCK_SetLpsci0Clock
                0x00002f80       0x38 ./board/board.o
 .text.BOARD_InitDebugConsole
                0x00002fb8       0x30 ./board/board.o
                0x00002fb8                BOARD_InitDebugConsole
 .text.CLOCK_SetSimSafeDivs
                0x00002fe8       0x20 ./board/clock_config.o
 .text.CLOCK_SetXtal0Freq
                0x00003008       0x1c ./board/clock_config.o
 .text.CLOCK_CONFIG_SetFllExtRefDiv
                0x00003024       0x3c ./board/clock_config.o
 .text.BOARD_BootClockRUN
                0x00003060       0x64 ./board/clock_config.o
                0x00003060                BOARD_BootClockRUN
 .text.CLOCK_EnableClock
                0x000030c4       0x34 ./board/pin_mux.o
 .text.PORT_SetPinMux
                0x000030f8       0x40 ./board/pin_mux.o
 .text.BOARD_InitPins
                0x00003138       0x4c ./board/pin_mux.o
                0x00003138                BOARD_InitPins
 .text.SystemInit
                0x00003184       0x18 ./CMSIS/system_MKL25Z4.o
                0x00003184                SystemInit
 .text.__filbuf
                0x0000319c      0x188 c:/nxp/mcuxpressoide_11.6.0_8187/ide/plugins/com.nxp.mcuxpresso.tools.win32_11.6.0.202112161359/tools/bin/../lib/gcc/arm-none-eabi/10.3.1/../../../../arm-none-eabi/lib/thumb/v6-m/nofp\libcr_c.a(__fillbuf.o)
                0x0000319c                __filbuf
 .text._deferredlazyseek
                0x00003324       0x40 c:/nxp/mcuxpressoide_11.6.0_8187/ide/plugins/com.nxp.mcuxpresso.tools.win32_11.6.0.202112161359/tools/bin/../lib/gcc/arm-none-eabi/10.3.1/../../../../arm-none-eabi/lib/thumb/v6-m/nofp\libcr_c.a(_deferredlazyseek.o)
                0x00003324                _deferredlazyseek
 .text.__flsbuf
                0x00003364      0x150 c:/nxp/mcuxpressoide_11.6.0_8187/ide/plugins/com.nxp.mcuxpresso.tools.win32_11.6.0.202112161359/tools/bin/../lib/gcc/arm-none-eabi/10.3.1/../../../../arm-none-eabi/lib/thumb/v6-m/nofp\libcr_c.a(_deferredlazyseek.o)
                0x00003364                __flsbuf
 .text._fflush  0x000034b4       0x60 c:/nxp/mcuxpressoide_11.6.0_8187/ide/plugins/com.nxp.mcuxpresso.tools.win32_11.6.0.202112161359/tools/bin/../lib/gcc/arm-none-eabi/10.3.1/../../../../arm-none-eabi/lib/thumb/v6-m/nofp\libcr_c.a(_fflush.o)
                0x000034b4                _fflush
 .text._Cwritebuf
                0x00003514       0x68 c:/nxp/mcuxpressoide_11.6.0_8187/ide/plugins/com.nxp.mcuxpresso.tools.win32_11.6.0.202112161359/tools/bin/../lib/gcc/arm-none-eabi/10.3.1/../../../../arm-none-eabi/lib/thumb/v6-m/nofp\libcr_c.a(_writebuf.o)
                0x00003514                _Cwritebuf
 .text.malloc   0x0000357c       0xcc c:/nxp/mcuxpressoide_11.6.0_8187/ide/plugins/com.nxp.mcuxpresso.tools.win32_11.6.0.202112161359/tools/bin/../lib/gcc/arm-none-eabi/10.3.1/../../../../arm-none-eabi/lib/thumb/v6-m/nofp\libcr_c.a(alloc.o)
                0x0000357c                malloc
 .text._Csys_alloc
                0x00003648       0x20 c:/nxp/mcuxpressoide_11.6.0_8187/ide/plugins/com.nxp.mcuxpresso.tools.win32_11.6.0.202112161359/tools/bin/../lib/gcc/arm-none-eabi/10.3.1/../../../../arm-none-eabi/lib/thumb/v6-m/nofp\libcr_c.a(alloc.o)
                0x00003648                _Csys_alloc
 .text.atan2    0x00003668      0x108 c:/nxp/mcuxpressoide_11.6.0_8187/ide/plugins/com.nxp.mcuxpresso.tools.win32_11.6.0.202112161359/tools/bin/../lib/gcc/arm-none-eabi/10.3.1/../../../../arm-none-eabi/lib/thumb/v6-m/nofp\libcr_c.a(atan2.o)
                0x00003668                atan2
 .text.printf_char
                0x00003770       0x34 c:/nxp/mcuxpressoide_11.6.0_8187/ide/plugins/com.nxp.mcuxpresso.tools.win32_11.6.0.202112161359/tools/bin/../lib/gcc/arm-none-eabi/10.3.1/../../../../arm-none-eabi/lib/thumb/v6-m/nofp\libcr_c.a(fpprintf.o)
                0x00003770                printf_char
 .text.sprintf  0x000037a4       0x6c c:/nxp/mcuxpressoide_11.6.0_8187/ide/plugins/com.nxp.mcuxpresso.tools.win32_11.6.0.202112161359/tools/bin/../lib/gcc/arm-none-eabi/10.3.1/../../../../arm-none-eabi/lib/thumb/v6-m/nofp\libcr_c.a(fpprintf.o)
                0x000037a4                sprintf
 .text.fp_display
                0x00003810      0x97c c:/nxp/mcuxpressoide_11.6.0_8187/ide/plugins/com.nxp.mcuxpresso.tools.win32_11.6.0.202112161359/tools/bin/../lib/gcc/arm-none-eabi/10.3.1/../../../../arm-none-eabi/lib/thumb/v6-m/nofp\libcr_c.a(fpprintf.o)
 .text.fseek    0x0000418c       0xf0 c:/nxp/mcuxpressoide_11.6.0_8187/ide/plugins/com.nxp.mcuxpresso.tools.win32_11.6.0.202112161359/tools/bin/../lib/gcc/arm-none-eabi/10.3.1/../../../../arm-none-eabi/lib/thumb/v6-m/nofp\libcr_c.a(fseek.o)
                0x0000418c                fseek
 .text.ftell    0x0000427c       0x48 c:/nxp/mcuxpressoide_11.6.0_8187/ide/plugins/com.nxp.mcuxpresso.tools.win32_11.6.0.202112161359/tools/bin/../lib/gcc/arm-none-eabi/10.3.1/../../../../arm-none-eabi/lib/thumb/v6-m/nofp\libcr_c.a(ftell.o)
                0x0000427c                ftell
 .text._initio  0x000042c4       0x7c c:/nxp/mcuxpressoide_11.6.0_8187/ide/plugins/com.nxp.mcuxpresso.tools.win32_11.6.0.202112161359/tools/bin/../lib/gcc/arm-none-eabi/10.3.1/../../../../arm-none-eabi/lib/thumb/v6-m/nofp\libcr_c.a(initio.o)
                0x000042c4                _initio
 .text.modf     0x00004340       0x9c c:/nxp/mcuxpressoide_11.6.0_8187/ide/plugins/com.nxp.mcuxpresso.tools.win32_11.6.0.202112161359/tools/bin/../lib/gcc/arm-none-eabi/10.3.1/../../../../arm-none-eabi/lib/thumb/v6-m/nofp\libcr_c.a(modf.o)
                0x00004340                modf
 .text.pow      0x000043dc      0x544 c:/nxp/mcuxpressoide_11.6.0_8187/ide/plugins/com.nxp.mcuxpresso.tools.win32_11.6.0.202112161359/tools/bin/../lib/gcc/arm-none-eabi/10.3.1/../../../../arm-none-eabi/lib/thumb/v6-m/nofp\libcr_c.a(pow.o)
                0x000043dc                pow
 .text.__vfprintf
                0x00004920      0xd40 c:/nxp/mcuxpressoide_11.6.0_8187/ide/plugins/com.nxp.mcuxpresso.tools.win32_11.6.0.202112161359/tools/bin/../lib/gcc/arm-none-eabi/10.3.1/../../../../arm-none-eabi/lib/thumb/v6-m/nofp\libcr_c.a(printf.o)
                0x00004920                __vfprintf
 .text.setvbuf  0x00005660       0x4c c:/nxp/mcuxpressoide_11.6.0_8187/ide/plugins/com.nxp.mcuxpresso.tools.win32_11.6.0.202112161359/tools/bin/../lib/gcc/arm-none-eabi/10.3.1/../../../../arm-none-eabi/lib/thumb/v6-m/nofp\libcr_c.a(setvbuf.o)
                0x00005660                setvbuf
 .text.sqrt     0x000056ac      0x134 c:/nxp/mcuxpressoide_11.6.0_8187/ide/plugins/com.nxp.mcuxpresso.tools.win32_11.6.0.202112161359/tools/bin/../lib/gcc/arm-none-eabi/10.3.1/../../../../arm-none-eabi/lib/thumb/v6-m/nofp\libcr_c.a(sqrt.o)
                0x000056ac                sqrt
 .text.strcmp   0x000057e0       0x44 c:/nxp/mcuxpressoide_11.6.0_8187/ide/plugins/com.nxp.mcuxpresso.tools.win32_11.6.0.202112161359/tools/bin/../lib/gcc/arm-none-eabi/10.3.1/../../../../arm-none-eabi/lib/thumb/v6-m/nofp\libcr_c.a(strcmp.o)
                0x000057e0                strcmp
 .text.strlen   0x00005824       0x58 c:/nxp/mcuxpressoide_11.6.0_8187/ide/plugins/com.nxp.mcuxpresso.tools.win32_11.6.0.202112161359/tools/bin/../lib/gcc/arm-none-eabi/10.3.1/../../../../arm-none-eabi/lib/thumb/v6-m/nofp\libcr_c.a(strlen.o)
                0x00005824                strlen
 .text._sbrk    0x0000587c       0x44 c:/nxp/mcuxpressoide_11.6.0_8187/ide/plugins/com.nxp.mcuxpresso.tools.win32_11.6.0.202112161359/tools/bin/../lib/gcc/arm-none-eabi/10.3.1/../../../../arm-none-eabi/lib/thumb/v6-m/nofp\libcr_c.a(_cr_sbrk.o)
                0x0000587c                _sbrk
 .text._fdopen  0x000058c0       0x74 c:/nxp/mcuxpressoide_11.6.0_8187/ide/plugins/com.nxp.mcuxpresso.tools.win32_11.6.0.202112161359/tools/bin/../lib/gcc/arm-none-eabi/10.3.1/../../../../arm-none-eabi/lib/thumb/v6-m/nofp\libcr_c.a(_fdopen.o)
                0x000058c0                _fdopen
 .text._frexpl  0x00005934       0x80 c:/nxp/mcuxpressoide_11.6.0_8187/ide/plugins/com.nxp.mcuxpresso.tools.win32_11.6.0.202112161359/tools/bin/../lib/gcc/arm-none-eabi/10.3.1/../../../../arm-none-eabi/lib/thumb/v6-m/nofp\libcr_c.a(_frexpl.o)
                0x00005934                _frexpl
 .text._ldexpl  0x000059b4       0x58 c:/nxp/mcuxpressoide_11.6.0_8187/ide/plugins/com.nxp.mcuxpresso.tools.win32_11.6.0.202112161359/tools/bin/../lib/gcc/arm-none-eabi/10.3.1/../../../../arm-none-eabi/lib/thumb/v6-m/nofp\libcr_c.a(_ldexpl.o)
                0x000059b4                _ldexpl
 .text.atan     0x00005a0c      0x204 c:/nxp/mcuxpressoide_11.6.0_8187/ide/plugins/com.nxp.mcuxpresso.tools.win32_11.6.0.202112161359/tools/bin/../lib/gcc/arm-none-eabi/10.3.1/../../../../arm-none-eabi/lib/thumb/v6-m/nofp\libcr_c.a(atan.o)
                0x00005a0c                atan
 .text.fclose   0x00005c10       0x5c c:/nxp/mcuxpressoide_11.6.0_8187/ide/plugins/com.nxp.mcuxpresso.tools.win32_11.6.0.202112161359/tools/bin/../lib/gcc/arm-none-eabi/10.3.1/../../../../arm-none-eabi/lib/thumb/v6-m/nofp\libcr_c.a(fclose.o)
                0x00005c10                fclose
 .text.fflush   0x00005c6c       0x44 c:/nxp/mcuxpressoide_11.6.0_8187/ide/plugins/com.nxp.mcuxpresso.tools.win32_11.6.0.202112161359/tools/bin/../lib/gcc/arm-none-eabi/10.3.1/../../../../arm-none-eabi/lib/thumb/v6-m/nofp\libcr_c.a(fflush.o)
                0x00005c6c                fflush
 .text.frexp    0x00005cb0       0x80 c:/nxp/mcuxpressoide_11.6.0_8187/ide/plugins/com.nxp.mcuxpresso.tools.win32_11.6.0.202112161359/tools/bin/../lib/gcc/arm-none-eabi/10.3.1/../../../../arm-none-eabi/lib/thumb/v6-m/nofp\libcr_c.a(frexp.o)
                0x00005cb0                frexp
 .text.ldexp    0x00005d30       0x58 c:/nxp/mcuxpressoide_11.6.0_8187/ide/plugins/com.nxp.mcuxpresso.tools.win32_11.6.0.202112161359/tools/bin/../lib/gcc/arm-none-eabi/10.3.1/../../../../arm-none-eabi/lib/thumb/v6-m/nofp\libcr_c.a(ldexp.o)
                0x00005d30                ldexp
 .text.__check_heap_overflow
                0x00005d88       0x18 c:/nxp/mcuxpressoide_11.6.0_8187/ide/plugins/com.nxp.mcuxpresso.tools.win32_11.6.0.202112161359/tools/bin/../lib/gcc/arm-none-eabi/10.3.1/../../../../arm-none-eabi/lib/thumb/v6-m/nofp\libcr_c.a(_cr_check_heap.o)
                0x00005d88                __check_heap_overflow
 .text._do_fflush
                0x00005da0       0x48 c:/nxp/mcuxpressoide_11.6.0_8187/ide/plugins/com.nxp.mcuxpresso.tools.win32_11.6.0.202112161359/tools/bin/../lib/gcc/arm-none-eabi/10.3.1/../../../../arm-none-eabi/lib/thumb/v6-m/nofp\libcr_c.a(_do_fflush.o)
                0x00005da0                _do_fflush
 .text.__aeabi_dmul
                0x00005de8      0x184 c:/nxp/mcuxpressoide_11.6.0_8187/ide/plugins/com.nxp.mcuxpresso.tools.win32_11.6.0.202112161359/tools/bin/../lib/gcc/arm-none-eabi/10.3.1/thumb/v6-m/nofp\libcr_eabihelpers.a(double.o)
                0x00005de8                __aeabi_dmul
 .text.__aeabi_ddiv
                0x00005f6c      0x14c c:/nxp/mcuxpressoide_11.6.0_8187/ide/plugins/com.nxp.mcuxpresso.tools.win32_11.6.0.202112161359/tools/bin/../lib/gcc/arm-none-eabi/10.3.1/thumb/v6-m/nofp\libcr_eabihelpers.a(double.o)
                0x00005f6c                __aeabi_ddiv
 .text.__aeabi_dsub
                0x000060b8      0x1c0 c:/nxp/mcuxpressoide_11.6.0_8187/ide/plugins/com.nxp.mcuxpresso.tools.win32_11.6.0.202112161359/tools/bin/../lib/gcc/arm-none-eabi/10.3.1/thumb/v6-m/nofp\libcr_eabihelpers.a(double.o)
                0x000060b8                __aeabi_dsub
 .text.__aeabi_dadd
                0x00006278      0x134 c:/nxp/mcuxpressoide_11.6.0_8187/ide/plugins/com.nxp.mcuxpresso.tools.win32_11.6.0.202112161359/tools/bin/../lib/gcc/arm-none-eabi/10.3.1/thumb/v6-m/nofp\libcr_eabihelpers.a(double.o)
                0x00006278                __aeabi_dadd
 .text.__aeabi_d2f
                0x000063ac       0x60 c:/nxp/mcuxpressoide_11.6.0_8187/ide/plugins/com.nxp.mcuxpresso.tools.win32_11.6.0.202112161359/tools/bin/../lib/gcc/arm-none-eabi/10.3.1/thumb/v6-m/nofp\libcr_eabihelpers.a(double.o)
                0x000063ac                __aeabi_d2f
 .text.__aeabi_d2iz
                0x0000640c       0x50 c:/nxp/mcuxpressoide_11.6.0_8187/ide/plugins/com.nxp.mcuxpresso.tools.win32_11.6.0.202112161359/tools/bin/../lib/gcc/arm-none-eabi/10.3.1/thumb/v6-m/nofp\libcr_eabihelpers.a(double.o)
                0x0000640c                __aeabi_d2iz
 .text.__aeabi_d2lz
                0x0000645c       0x88 c:/nxp/mcuxpressoide_11.6.0_8187/ide/plugins/com.nxp.mcuxpresso.tools.win32_11.6.0.202112161359/tools/bin/../lib/gcc/arm-none-eabi/10.3.1/thumb/v6-m/nofp\libcr_eabihelpers.a(double.o)
                0x0000645c                __aeabi_d2lz
 .text.__bhs_ul2d
                0x000064e4       0xac c:/nxp/mcuxpressoide_11.6.0_8187/ide/plugins/com.nxp.mcuxpresso.tools.win32_11.6.0.202112161359/tools/bin/../lib/gcc/arm-none-eabi/10.3.1/thumb/v6-m/nofp\libcr_eabihelpers.a(double.o)
                0x000064e4                __bhs_ul2d
 .text.__aeabi_dcmpeq
                0x00006590       0x30 c:/nxp/mcuxpressoide_11.6.0_8187/ide/plugins/com.nxp.mcuxpresso.tools.win32_11.6.0.202112161359/tools/bin/../lib/gcc/arm-none-eabi/10.3.1/thumb/v6-m/nofp\libcr_eabihelpers.a(double.o)
                0x00006590                __aeabi_dcmpeq
 .text.__aeabi_dcmplt
                0x000065c0       0x60 c:/nxp/mcuxpressoide_11.6.0_8187/ide/plugins/com.nxp.mcuxpresso.tools.win32_11.6.0.202112161359/tools/bin/../lib/gcc/arm-none-eabi/10.3.1/thumb/v6-m/nofp\libcr_eabihelpers.a(double.o)
                0x000065c0                __aeabi_dcmplt
 .text.__aeabi_dcmpgt
                0x00006620       0x5c c:/nxp/mcuxpressoide_11.6.0_8187/ide/plugins/com.nxp.mcuxpresso.tools.win32_11.6.0.202112161359/tools/bin/../lib/gcc/arm-none-eabi/10.3.1/thumb/v6-m/nofp\libcr_eabihelpers.a(double.o)
                0x00006620                __aeabi_dcmpgt
 .text.__aeabi_dcmple
                0x0000667c       0x5c c:/nxp/mcuxpressoide_11.6.0_8187/ide/plugins/com.nxp.mcuxpresso.tools.win32_11.6.0.202112161359/tools/bin/../lib/gcc/arm-none-eabi/10.3.1/thumb/v6-m/nofp\libcr_eabihelpers.a(double.o)
                0x0000667c                __aeabi_dcmple
 .text.__aeabi_dcmpge
                0x000066d8       0x5c c:/nxp/mcuxpressoide_11.6.0_8187/ide/plugins/com.nxp.mcuxpresso.tools.win32_11.6.0.202112161359/tools/bin/../lib/gcc/arm-none-eabi/10.3.1/thumb/v6-m/nofp\libcr_eabihelpers.a(double.o)
                0x000066d8                __aeabi_dcmpge
 .text.__aeabi_fmul
                0x00006734       0xc0 c:/nxp/mcuxpressoide_11.6.0_8187/ide/plugins/com.nxp.mcuxpresso.tools.win32_11.6.0.202112161359/tools/bin/../lib/gcc/arm-none-eabi/10.3.1/thumb/v6-m/nofp\libcr_eabihelpers.a(float.o)
                0x00006734                __aeabi_fmul
 .text.__aeabi_fsub
                0x000067f4      0x128 c:/nxp/mcuxpressoide_11.6.0_8187/ide/plugins/com.nxp.mcuxpresso.tools.win32_11.6.0.202112161359/tools/bin/../lib/gcc/arm-none-eabi/10.3.1/thumb/v6-m/nofp\libcr_eabihelpers.a(float.o)
                0x000067f4                __aeabi_fsub
 .text.__aeabi_fadd
                0x0000691c       0xac c:/nxp/mcuxpressoide_11.6.0_8187/ide/plugins/com.nxp.mcuxpresso.tools.win32_11.6.0.202112161359/tools/bin/../lib/gcc/arm-none-eabi/10.3.1/thumb/v6-m/nofp\libcr_eabihelpers.a(float.o)
                0x0000691c                __aeabi_fadd
 .text.__aeabi_f2iz
                0x000069c8       0x3c c:/nxp/mcuxpressoide_11.6.0_8187/ide/plugins/com.nxp.mcuxpresso.tools.win32_11.6.0.202112161359/tools/bin/../lib/gcc/arm-none-eabi/10.3.1/thumb/v6-m/nofp\libcr_eabihelpers.a(float.o)
                0x000069c8                __aeabi_f2iz
 .text.__aeabi_f2d
                0x00006a04       0x40 c:/nxp/mcuxpressoide_11.6.0_8187/ide/plugins/com.nxp.mcuxpresso.tools.win32_11.6.0.202112161359/tools/bin/../lib/gcc/arm-none-eabi/10.3.1/thumb/v6-m/nofp\libcr_eabihelpers.a(float.o)
                0x00006a04                __aeabi_f2d
 .text.UART_EnableTx
                0x00006a44       0x40 ./utilities/fsl_debug_console.o
 .text.UART_EnableRx
                0x00006a84       0x40 ./utilities/fsl_debug_console.o
 .text.LPSCI_EnableTx
                0x00006ac4       0x40 ./utilities/fsl_debug_console.o
 .text.LPSCI_EnableRx
                0x00006b04       0x40 ./utilities/fsl_debug_console.o
 .text.DbgConsole_PrintfPaddingCharacter
                0x00006b44       0x48 ./utilities/fsl_debug_console.o
 .text.DbgConsole_ConvertRadixNumToString
                0x00006b8c      0x114 ./utilities/fsl_debug_console.o
 .text.DbgConsole_PrintfFormattedData
                0x00006ca0      0x378 ./utilities/fsl_debug_console.o
 .text.init_mma
                0x00007018       0x16 ./source/MMA8451Q.o
                0x00007018                init_mma
 .text.read_full_xyz
                0x0000702e       0xdc ./source/MMA8451Q.o
                0x0000702e                read_full_xyz
 .text.circular_queue_Init
                0x0000710a       0x3a ./source/cbfifo.o
                0x0000710a                circular_queue_Init
 .text.cbfifo_capacity
                0x00007144        0xe ./source/cbfifo.o
                0x00007144                cbfifo_capacity
 .text.System_Start
                0x00007152       0x3c ./source/main.o
                0x00007152                System_Start
 .text.angle_detect_color_assign
                0x0000718e       0x72 ./source/statemachine.o
                0x0000718e                angle_detect_color_assign
 .text.OSC_SetExtRefClkConfig
                0x00007200       0x3e ./drivers/fsl_clock.o
 .text.OSC_SetCapLoad
                0x0000723e       0x42 ./drivers/fsl_clock.o
 .text.CLOCK_GetPll0RefFreq
                0x00007280       0x10 ./drivers/fsl_clock.o
 .text.CLOCK_SetExternalRefClkConfig
                0x00007290       0x16 ./drivers/fsl_clock.o
                0x00007290                CLOCK_SetExternalRefClkConfig
 .text.LPSCI_GetStatusFlags
                0x000072a6       0x26 ./drivers/fsl_lpsci.o
                0x000072a6                LPSCI_GetStatusFlags
 .text.UART_GetStatusFlags
                0x000072cc       0x26 ./drivers/fsl_uart.o
                0x000072cc                UART_GetStatusFlags
 .text.UART_WriteBlocking
                0x000072f2       0x3c ./drivers/fsl_uart.o
                0x000072f2                UART_WriteBlocking
 .text.BOARD_InitBootClocks
                0x0000732e        0xe ./board/clock_config.o
                0x0000732e                BOARD_InitBootClocks
 .text.BOARD_InitBootPeripherals
                0x0000733c        0xa ./board/peripherals.o
                0x0000733c                BOARD_InitBootPeripherals
 .text.BOARD_InitBootPins
                0x00007346        0xe ./board/pin_mux.o
                0x00007346                BOARD_InitBootPins
 .text.__main   0x00007354        0xc c:/nxp/mcuxpressoide_11.6.0_8187/ide/plugins/com.nxp.mcuxpresso.tools.win32_11.6.0.202112161359/tools/bin/../lib/gcc/arm-none-eabi/10.3.1/../../../../arm-none-eabi/lib/thumb/v6-m/nofp\libcr_nohost_nf.a(_cr__main.o)
                0x00007354                __main
 .text.memset   0x00007360        0x8 c:/nxp/mcuxpressoide_11.6.0_8187/ide/plugins/com.nxp.mcuxpresso.tools.win32_11.6.0.202112161359/tools/bin/../lib/gcc/arm-none-eabi/10.3.1/../../../../arm-none-eabi/lib/thumb/v6-m/nofp\libcr_c.a(memset.o)
                0x00007360                memset
 .text._Csys_read_
                0x00007368       0x24 c:/nxp/mcuxpressoide_11.6.0_8187/ide/plugins/com.nxp.mcuxpresso.tools.win32_11.6.0.202112161359/tools/bin/../lib/gcc/arm-none-eabi/10.3.1/../../../../arm-none-eabi/lib/thumb/v6-m/nofp\libcr_c.a(__fillbuf.o)
                0x00007368                _Csys_read_
 .text.free     0x0000738c       0x2c c:/nxp/mcuxpressoide_11.6.0_8187/ide/plugins/com.nxp.mcuxpresso.tools.win32_11.6.0.202112161359/tools/bin/../lib/gcc/arm-none-eabi/10.3.1/../../../../arm-none-eabi/lib/thumb/v6-m/nofp\libcr_c.a(alloc.o)
                0x0000738c                free
 .text.fabs     0x000073b8       0x22 c:/nxp/mcuxpressoide_11.6.0_8187/ide/plugins/com.nxp.mcuxpresso.tools.win32_11.6.0.202112161359/tools/bin/../lib/gcc/arm-none-eabi/10.3.1/../../../../arm-none-eabi/lib/thumb/v6-m/nofp\libcr_c.a(fabs.o)
                0x000073b8                fabs
 .text.fp_round
                0x000073da       0x4a c:/nxp/mcuxpressoide_11.6.0_8187/ide/plugins/com.nxp.mcuxpresso.tools.win32_11.6.0.202112161359/tools/bin/../lib/gcc/arm-none-eabi/10.3.1/../../../../arm-none-eabi/lib/thumb/v6-m/nofp\libcr_c.a(fpprintf.o)
 .text.pr_dec.constprop.0
                0x00007424       0x30 c:/nxp/mcuxpressoide_11.6.0_8187/ide/plugins/com.nxp.mcuxpresso.tools.win32_11.6.0.202112161359/tools/bin/../lib/gcc/arm-none-eabi/10.3.1/../../../../arm-none-eabi/lib/thumb/v6-m/nofp\libcr_c.a(fpprintf.o)
 .text.remove   0x00007454       0x12 c:/nxp/mcuxpressoide_11.6.0_8187/ide/plugins/com.nxp.mcuxpresso.tools.win32_11.6.0.202112161359/tools/bin/../lib/gcc/arm-none-eabi/10.3.1/../../../../arm-none-eabi/lib/thumb/v6-m/nofp\libcr_c.a(remove.o)
                0x00007454                remove
 .text.__aeabi_division_idivmod
                0x00007466       0x78 c:/nxp/mcuxpressoide_11.6.0_8187/ide/plugins/com.nxp.mcuxpresso.tools.win32_11.6.0.202112161359/tools/bin/../lib/gcc/arm-none-eabi/10.3.1/thumb/v6-m/nofp\libcr_eabihelpers.a(division_32.o)
                0x00007466                __aeabi_idivmod
                0x00007466                __aeabi_idiv
                0x0000746c                __aeabi_uidivmod
                0x0000746c                __aeabi_uidiv
 .text.__aeabi_division_idiv0
                0x000074de        0x2 c:/nxp/mcuxpressoide_11.6.0_8187/ide/plugins/com.nxp.mcuxpresso.tools.win32_11.6.0.202112161359/tools/bin/../lib/gcc/arm-none-eabi/10.3.1/thumb/v6-m/nofp\libcr_eabihelpers.a(division_idiv0.o)
                0x000074de                __aeabi_idiv0
 .text.__bhs_ui2d
                0x000074e0       0x5e c:/nxp/mcuxpressoide_11.6.0_8187/ide/plugins/com.nxp.mcuxpresso.tools.win32_11.6.0.202112161359/tools/bin/../lib/gcc/arm-none-eabi/10.3.1/thumb/v6-m/nofp\libcr_eabihelpers.a(double.o)
                0x000074e0                __bhs_ui2d
 .text.__aeabi_i2d
                0x0000753e       0x18 c:/nxp/mcuxpressoide_11.6.0_8187/ide/plugins/com.nxp.mcuxpresso.tools.win32_11.6.0.202112161359/tools/bin/../lib/gcc/arm-none-eabi/10.3.1/thumb/v6-m/nofp\libcr_eabihelpers.a(double.o)
                0x0000753e                __aeabi_i2d
 .text.__aeabi_ui2d
                0x00007556        0xc c:/nxp/mcuxpressoide_11.6.0_8187/ide/plugins/com.nxp.mcuxpresso.tools.win32_11.6.0.202112161359/tools/bin/../lib/gcc/arm-none-eabi/10.3.1/thumb/v6-m/nofp\libcr_eabihelpers.a(double.o)
                0x00007556                __aeabi_ui2d
 .text.__aeabi_l2d
                0x00007562       0x24 c:/nxp/mcuxpressoide_11.6.0_8187/ide/plugins/com.nxp.mcuxpresso.tools.win32_11.6.0.202112161359/tools/bin/../lib/gcc/arm-none-eabi/10.3.1/thumb/v6-m/nofp\libcr_eabihelpers.a(double.o)
                0x00007562                __aeabi_l2d
 .text.__aeabi_fcmpeq
                0x00007586       0x20 c:/nxp/mcuxpressoide_11.6.0_8187/ide/plugins/com.nxp.mcuxpresso.tools.win32_11.6.0.202112161359/tools/bin/../lib/gcc/arm-none-eabi/10.3.1/thumb/v6-m/nofp\libcr_eabihelpers.a(float.o)
                0x00007586                __aeabi_fcmpeq
 .text.__aeabi_fcmplt
                0x000075a6       0x42 c:/nxp/mcuxpressoide_11.6.0_8187/ide/plugins/com.nxp.mcuxpresso.tools.win32_11.6.0.202112161359/tools/bin/../lib/gcc/arm-none-eabi/10.3.1/thumb/v6-m/nofp\libcr_eabihelpers.a(float.o)
                0x000075a6                __aeabi_fcmplt
 .text.__aeabi_llong_lmul
                0x000075e8       0x2e c:/nxp/mcuxpressoide_11.6.0_8187/ide/plugins/com.nxp.mcuxpresso.tools.win32_11.6.0.202112161359/tools/bin/../lib/gcc/arm-none-eabi/10.3.1/thumb/v6-m/nofp\libcr_eabihelpers.a(llong.o)
                0x000075e8                __aeabi_lmul
 .text.__aeabi_memset_lowlevel
                0x00007616       0x2a c:/nxp/mcuxpressoide_11.6.0_8187/ide/plugins/com.nxp.mcuxpresso.tools.win32_11.6.0.202112161359/tools/bin/../lib/gcc/arm-none-eabi/10.3.1/thumb/v6-m/nofp\libcr_eabihelpers.a(memcpy.o)
                0x00007616                __aeabi_lowlevel_memset
 .text.__gnu_thumb1_case_shi
                0x00007640       0x10 c:/nxp/mcuxpressoide_11.6.0_8187/ide/plugins/com.nxp.mcuxpresso.tools.win32_11.6.0.202112161359/tools/bin/../lib/gcc/arm-none-eabi/10.3.1/thumb/v6-m/nofp\libcr_eabihelpers.a(thumb1_switch_helpers.o)
                0x00007640                __gnu_thumb1_case_shi
 .text.__sys_appexit
                0x00007650        0x2 c:/nxp/mcuxpressoide_11.6.0_8187/ide/plugins/com.nxp.mcuxpresso.tools.win32_11.6.0.202112161359/tools/bin/../lib/gcc/arm-none-eabi/10.3.1/../../../../arm-none-eabi/lib/thumb/v6-m/nofp\libcr_nohost_nf.a(__sys_appexit.o)
                0x00007650                __sys_appexit
                0x00007650                __exit
 .text.__sys_close
                0x00007652        0x6 c:/nxp/mcuxpressoide_11.6.0_8187/ide/plugins/com.nxp.mcuxpresso.tools.win32_11.6.0.202112161359/tools/bin/../lib/gcc/arm-none-eabi/10.3.1/../../../../arm-none-eabi/lib/thumb/v6-m/nofp\libcr_nohost_nf.a(__sys_close.o)
                0x00007652                __sys_close
 .text.__sys_flen
                0x00007658        0x6 c:/nxp/mcuxpressoide_11.6.0_8187/ide/plugins/com.nxp.mcuxpresso.tools.win32_11.6.0.202112161359/tools/bin/../lib/gcc/arm-none-eabi/10.3.1/../../../../arm-none-eabi/lib/thumb/v6-m/nofp\libcr_nohost_nf.a(__sys_flen.o)
                0x00007658                __sys_flen
 .text.__sys_istty
                0x0000765e        0x6 c:/nxp/mcuxpressoide_11.6.0_8187/ide/plugins/com.nxp.mcuxpresso.tools.win32_11.6.0.202112161359/tools/bin/../lib/gcc/arm-none-eabi/10.3.1/../../../../arm-none-eabi/lib/thumb/v6-m/nofp\libcr_nohost_nf.a(__sys_istty.o)
                0x0000765e                __sys_istty
 .text.__sys_read
                0x00007664        0x4 c:/nxp/mcuxpressoide_11.6.0_8187/ide/plugins/com.nxp.mcuxpresso.tools.win32_11.6.0.202112161359/tools/bin/../lib/gcc/arm-none-eabi/10.3.1/../../../../arm-none-eabi/lib/thumb/v6-m/nofp\libcr_nohost_nf.a(__sys_read.o)
                0x00007664                __sys_read
 .text.__sys_remove
                0x00007668        0x6 c:/nxp/mcuxpressoide_11.6.0_8187/ide/plugins/com.nxp.mcuxpresso.tools.win32_11.6.0.202112161359/tools/bin/../lib/gcc/arm-none-eabi/10.3.1/../../../../arm-none-eabi/lib/thumb/v6-m/nofp\libcr_nohost_nf.a(__sys_remove.o)
                0x00007668                __sys_remove
 .text.__sys_seek
                0x0000766e        0x6 c:/nxp/mcuxpressoide_11.6.0_8187/ide/plugins/com.nxp.mcuxpresso.tools.win32_11.6.0.202112161359/tools/bin/../lib/gcc/arm-none-eabi/10.3.1/../../../../arm-none-eabi/lib/thumb/v6-m/nofp\libcr_nohost_nf.a(__sys_seek.o)
                0x0000766e                __sys_seek
 .text.__sys_tmpnam
                0x00007674        0x6 c:/nxp/mcuxpressoide_11.6.0_8187/ide/plugins/com.nxp.mcuxpresso.tools.win32_11.6.0.202112161359/tools/bin/../lib/gcc/arm-none-eabi/10.3.1/../../../../arm-none-eabi/lib/thumb/v6-m/nofp\libcr_nohost_nf.a(__sys_tmpnam.o)
                0x00007674                __sys_tmpnam
 *(SORT_BY_ALIGNMENT(.rodata) SORT_BY_ALIGNMENT(.rodata.*) SORT_BY_ALIGNMENT(.constdata) SORT_BY_ALIGNMENT(.constdata.*))
 *fill*         0x0000767a        0x6 ff
 .rodata.a1.1   0x00007680       0x88 c:/nxp/mcuxpressoide_11.6.0_8187/ide/plugins/com.nxp.mcuxpresso.tools.win32_11.6.0.202112161359/tools/bin/../lib/gcc/arm-none-eabi/10.3.1/../../../../arm-none-eabi/lib/thumb/v6-m/nofp\libcr_c.a(pow.o)
 .rodata.a2.0   0x00007708       0x40 c:/nxp/mcuxpressoide_11.6.0_8187/ide/plugins/com.nxp.mcuxpresso.tools.win32_11.6.0.202112161359/tools/bin/../lib/gcc/arm-none-eabi/10.3.1/../../../../arm-none-eabi/lib/thumb/v6-m/nofp\libcr_c.a(pow.o)
 .rodata.a.0    0x00007748       0x20 c:/nxp/mcuxpressoide_11.6.0_8187/ide/plugins/com.nxp.mcuxpresso.tools.win32_11.6.0.202112161359/tools/bin/../lib/gcc/arm-none-eabi/10.3.1/../../../../arm-none-eabi/lib/thumb/v6-m/nofp\libcr_c.a(atan.o)
 .rodata.main.str1.4
                0x00007768       0x55 ./source/main.o
 *fill*         0x000077bd        0x3 ff
 .rodata.calibrate_check.str1.4
                0x000077c0       0x91 ./source/main.o
                                 0x95 (size before relaxing)
 *fill*         0x00007851        0x3 ff
 .rodata.handle_calibrate_to_zero.str1.4
                0x00007854       0x17 ./source/statemachine.o
 *fill*         0x0000786b        0x1 ff
 .rodata.handle_calibrate_state.str1.4
                0x0000786c       0x29 ./source/statemachine.o
 *fill*         0x00007895        0x3 ff
 .rodata.test_angle_detect_color.str1.4
                0x00007898       0xf3 ./source/test_angle_detect.o
 *fill*         0x0000798b        0x1 ff
 .rodata.test_cbfifo_one_iteration.str1.4
                0x0000798c      0x2a5 ./source/test_cbfifo.o
 *fill*         0x00007c31        0x3 ff
 .rodata.test_cbfifo.str1.4
                0x00007c34       0x1e ./source/test_cbfifo.o
 *fill*         0x00007c52        0x2 ff
 .rodata.__FUNCTION__.0
                0x00007c54        0xc ./source/test_cbfifo.o
 .rodata.test_led_PWM.str1.4
                0x00007c60       0x88 ./source/test_led_pwm.o
 .rodata.test_suite.str1.4
                0x00007ce8       0xb7 ./source/test_suite.o
 *fill*         0x00007d9f        0x1 ff
 .rodata.CLOCK_GetMcgExtClkFreq.str1.4
                0x00007da0       0x1e ./drivers/fsl_clock.o
 *fill*         0x00007dbe        0x2 ff
 .rodata.CLOCK_GetPll0Freq.str1.4
                0x00007dc0       0x1d ./drivers/fsl_clock.o
 *fill*         0x00007ddd        0x3 ff
 .rodata.CLOCK_EnablePll0.str1.4
                0x00007de0       0x19 ./drivers/fsl_clock.o
 *fill*         0x00007df9        0x3 ff
 .rodata.CLOCK_SetPbeMode.str1.4
                0x00007dfc       0x1a ./drivers/fsl_clock.o
 *fill*         0x00007e16        0x2 ff
 .rodata.CLOCK_BootToPeeMode.str1.4
                0x00007e18       0x1a ./drivers/fsl_clock.o
 *fill*         0x00007e32        0x2 ff
 .rodata.fllFactorTable.1
                0x00007e34       0x10 ./drivers/fsl_clock.o
 .rodata.__assertion_failed.str1.4
                0x00007e44        0x4 ./drivers/fsl_common.o
 .rodata.LPSCI_GetInstance.str1.4
                0x00007e48       0x36 ./drivers/fsl_lpsci.o
 *fill*         0x00007e7e        0x2 ff
 .rodata.LPSCI_Init.str1.4
                0x00007e80       0x43 ./drivers/fsl_lpsci.o
 *fill*         0x00007ec3        0x1 ff
 .rodata.LPSCI_GetDefaultConfig.str1.4
                0x00007ec4       0x19 ./drivers/fsl_lpsci.o
 *fill*         0x00007edd        0x3 ff
 .rodata.LPSCI_WriteBlocking.str1.4
                0x00007ee0       0x17 ./drivers/fsl_lpsci.o
 *fill*         0x00007ef7        0x1 ff
 .rodata.LPSCI_ReadBlocking.str1.4
                0x00007ef8       0x17 ./drivers/fsl_lpsci.o
 *fill*         0x00007f0f        0x1 ff
 .rodata.s_uartBases
                0x00007f10        0xc ./drivers/fsl_uart.o
 .rodata.s_uartClock
                0x00007f1c        0xc ./drivers/fsl_uart.o
 .rodata.UART_GetInstance.str1.4
                0x00007f28       0x2b ./drivers/fsl_uart.o
 *fill*         0x00007f53        0x1 ff
 .rodata.UART_Init.str1.4
                0x00007f54       0x3e ./drivers/fsl_uart.o
 *fill*         0x00007f92        0x2 ff
 .rodata.UART_GetDefaultConfig.str1.4
                0x00007f94       0x18 ./drivers/fsl_uart.o
 .rodata.UART_ReadBlocking.str1.4
                0x00007fac       0x16 ./drivers/fsl_uart.o
 *fill*         0x00007fc2        0x2 ff
 .rodata.mcgConfig_BOARD_BootClockRUN
                0x00007fc4        0xa ./board/clock_config.o
                0x00007fc4                mcgConfig_BOARD_BootClockRUN
 *fill*         0x00007fce        0x2 ff
 .rodata.simConfig_BOARD_BootClockRUN
                0x00007fd0        0x8 ./board/clock_config.o
                0x00007fd0                simConfig_BOARD_BootClockRUN
 .rodata.oscConfig_BOARD_BootClockRUN
                0x00007fd8        0x8 ./board/clock_config.o
                0x00007fd8                oscConfig_BOARD_BootClockRUN
 .rodata.__num_Ciob_streams
                0x00007fe0        0x4 c:/nxp/mcuxpressoide_11.6.0_8187/ide/plugins/com.nxp.mcuxpresso.tools.win32_11.6.0.202112161359/tools/bin/../lib/gcc/arm-none-eabi/10.3.1/../../../../arm-none-eabi/lib/thumb/v6-m/nofp\libcr_nohost_nf.a(__ciob.o)
                0x00007fe0                __num_Ciob_streams
 .rodata._Csys_alloc.str1.1
                0x00007fe4       0x18 c:/nxp/mcuxpressoide_11.6.0_8187/ide/plugins/com.nxp.mcuxpresso.tools.win32_11.6.0.202112161359/tools/bin/../lib/gcc/arm-none-eabi/10.3.1/../../../../arm-none-eabi/lib/thumb/v6-m/nofp\libcr_c.a(alloc.o)
 .rodata.fp_display.str1.1
                0x00007ffc       0x34 c:/nxp/mcuxpressoide_11.6.0_8187/ide/plugins/com.nxp.mcuxpresso.tools.win32_11.6.0.202112161359/tools/bin/../lib/gcc/arm-none-eabi/10.3.1/../../../../arm-none-eabi/lib/thumb/v6-m/nofp\libcr_c.a(fpprintf.o)
                                 0x35 (size before relaxing)
 .rodata._initio.str1.1
                0x00008030        0x4 c:/nxp/mcuxpressoide_11.6.0_8187/ide/plugins/com.nxp.mcuxpresso.tools.win32_11.6.0.202112161359/tools/bin/../lib/gcc/arm-none-eabi/10.3.1/../../../../arm-none-eabi/lib/thumb/v6-m/nofp\libcr_c.a(initio.o)
 .rodata.__vfprintf.str1.1
                0x00008034       0x31 c:/nxp/mcuxpressoide_11.6.0_8187/ide/plugins/com.nxp.mcuxpresso.tools.win32_11.6.0.202112161359/tools/bin/../lib/gcc/arm-none-eabi/10.3.1/../../../../arm-none-eabi/lib/thumb/v6-m/nofp\libcr_c.a(printf.o)
                                 0x38 (size before relaxing)
                0x00008068                . = ALIGN (0x4)
 *fill*         0x00008065        0x3 ff
                0x00008068                _etext = .

.glue_7         0x00008068        0x0
 .glue_7        0x00008068        0x0 linker stubs

.glue_7t        0x00008068        0x0
 .glue_7t       0x00008068        0x0 linker stubs

.vfp11_veneer   0x00008068        0x0
 .vfp11_veneer  0x00008068        0x0 linker stubs

.v4_bx          0x00008068        0x0
 .v4_bx         0x00008068        0x0 linker stubs

.iplt           0x00008068        0x0
 .iplt          0x00008068        0x0 ./utilities/fsl_debug_console.o

.rel.dyn        0x00008068        0x0
 .rel.iplt      0x00008068        0x0 ./utilities/fsl_debug_console.o

.m_usb_data
 *(SORT_BY_ALIGNMENT(m_usb_bdt))

.mtb_buffer_default
                0x1ffff000       0x80
 *(SORT_BY_ALIGNMENT(.mtb*))
 .mtb.$RAM1     0x1ffff000       0x80 ./source/mtb.o
                0x1ffff000                __mtb_buffer__

.uninit_RESERVED
                0x1ffff080        0x0
                0x1ffff080                _start_uninit_RESERVED = .
 *(SORT_BY_ALIGNMENT(.bss.$RESERVED*))
                0x1ffff080                . = ALIGN (0x4)
                0x1ffff080                _end_uninit_RESERVED = .

.data           0x1ffff080        0x8 load address 0x00008068
 FILL mask 0xff
                0x1ffff080                _data = .
                [!provide]                PROVIDE (__start_data_RAM = .)
                [!provide]                PROVIDE (__start_data_SRAM = .)
 *(SORT_BY_ALIGNMENT(vtable))
 *(SORT_BY_ALIGNMENT(.ramfunc*))
 *(SORT_BY_ALIGNMENT(CodeQuickAccess))
 *(SORT_BY_ALIGNMENT(DataQuickAccess))
 *(SORT_BY_ALIGNMENT(RamFunction))
 *(SORT_BY_ALIGNMENT(.data*))
 .data.s_slowIrcFreq
                0x1ffff080        0x4 ./drivers/fsl_clock.o
 .data.SystemCoreClock
                0x1ffff084        0x4 ./CMSIS/system_MKL25Z4.o
                0x1ffff084                SystemCoreClock
                0x1ffff088                . = ALIGN (0x4)
                0x1ffff088                _edata = .
                [!provide]                PROVIDE (__end_data_RAM = .)
                [!provide]                PROVIDE (__end_data_SRAM = .)

.igot.plt       0x1ffff088        0x0 load address 0x00008070
 .igot.plt      0x1ffff088        0x0 ./utilities/fsl_debug_console.o

.bss            0x1ffff088      0x564
                0x1ffff088                _bss = .
                [!provide]                PROVIDE (__start_bss_RAM = .)
                [!provide]                PROVIDE (__start_bss_SRAM = .)
 *(SORT_BY_ALIGNMENT(.bss*))
 .bss.s_debugConsole
                0x1ffff088       0x10 ./utilities/fsl_debug_console.o
 .bss.lock_detect
                0x1ffff098        0x4 ./source/I2C.o
                0x1ffff098                lock_detect
 .bss.i2c_lock  0x1ffff09c        0x4 ./source/I2C.o
                0x1ffff09c                i2c_lock
 .bss.boottime  0x1ffff0a0        0x4 ./source/Systick.o
 .bss.count     0x1ffff0a4        0x4 ./source/Systick.o
 .bss.flag      0x1ffff0a8        0x4 ./source/Systick.o
                0x1ffff0a8                flag
 .bss.count     0x1ffff0ac        0x4 ./source/cbfifo.o
                0x1ffff0ac                count
 .bss.flag_check
                0x1ffff0b0        0x4 ./source/main.o
                0x1ffff0b0                flag_check
 .bss.str       0x1ffff0b4      0x100 ./source/main.o
                0x1ffff0b4                str
 .bss.calibrate_receive_flag
                0x1ffff1b4        0x4 ./source/main.o
                0x1ffff1b4                calibrate_receive_flag
 .bss.i         0x1ffff1b8        0x4 ./source/main.o
                0x1ffff1b8                i
 .bss.final_roll_val
                0x1ffff1bc        0x4 ./source/main.o
                0x1ffff1bc                final_roll_val
 .bss.final_pitch_val
                0x1ffff1c0        0x4 ./source/main.o
                0x1ffff1c0                final_pitch_val
 .bss.accel_state
                0x1ffff1c4        0x4 ./source/statemachine.o
                0x1ffff1c4                accel_state
 .bss.accelerometer_parameters
                0x1ffff1c8       0x1c ./source/statemachine.o
                0x1ffff1c8                accelerometer_parameters
 .bss.reference_angle
                0x1ffff1e4        0x4 ./source/statemachine.o
                0x1ffff1e4                reference_angle
 .bss.switch_initiated
                0x1ffff1e8        0x4 ./source/switch.o
                0x1ffff1e8                switch_initiated
 .bss.g_tests_passed
                0x1ffff1ec        0x4 ./source/test_cbfifo.o
                0x1ffff1ec                g_tests_passed
 .bss.g_tests_total
                0x1ffff1f0        0x4 ./source/test_cbfifo.o
                0x1ffff1f0                g_tests_total
 .bss.cb_test   0x1ffff1f4      0x108 ./source/test_cbfifo.o
                0x1ffff1f4                cb_test
 .bss.Transmission_Buffer
                0x1ffff2fc      0x108 ./source/uart.o
                0x1ffff2fc                Transmission_Buffer
 .bss.Receive_Buffer
                0x1ffff404      0x108 ./source/uart.o
                0x1ffff404                Receive_Buffer
 .bss.g_xtal0Freq
                0x1ffff50c        0x4 ./drivers/fsl_clock.o
                0x1ffff50c                g_xtal0Freq
 .bss.s_lpsciHandle
                0x1ffff510        0x4 ./drivers/fsl_lpsci.o
 .bss.s_lpsciIsr
                0x1ffff514        0x4 ./drivers/fsl_lpsci.o
 .bss.s_uartHandle
                0x1ffff518        0xc ./drivers/fsl_uart.o
 .bss.s_uartIsr
                0x1ffff524        0x4 ./drivers/fsl_uart.o
 .bss.__Ciob    0x1ffff528       0xb4 c:/nxp/mcuxpressoide_11.6.0_8187/ide/plugins/com.nxp.mcuxpresso.tools.win32_11.6.0.202112161359/tools/bin/../lib/gcc/arm-none-eabi/10.3.1/../../../../arm-none-eabi/lib/thumb/v6-m/nofp\libcr_nohost_nf.a(__ciob.o)
                0x1ffff528                __Ciob
 .bss.errno     0x1ffff5dc        0x4 c:/nxp/mcuxpressoide_11.6.0_8187/ide/plugins/com.nxp.mcuxpresso.tools.win32_11.6.0.202112161359/tools/bin/../lib/gcc/arm-none-eabi/10.3.1/../../../../arm-none-eabi/lib/thumb/v6-m/nofp\libcr_c.a(errno.o)
                0x1ffff5dc                errno
 .bss.__end_of_heap
                0x1ffff5e0        0x4 c:/nxp/mcuxpressoide_11.6.0_8187/ide/plugins/com.nxp.mcuxpresso.tools.win32_11.6.0.202112161359/tools/bin/../lib/gcc/arm-none-eabi/10.3.1/../../../../arm-none-eabi/lib/thumb/v6-m/nofp\libcr_c.a(__init_alloc.o)
                0x1ffff5e0                __end_of_heap
 .bss.__heaps   0x1ffff5e4        0x4 c:/nxp/mcuxpressoide_11.6.0_8187/ide/plugins/com.nxp.mcuxpresso.tools.win32_11.6.0.202112161359/tools/bin/../lib/gcc/arm-none-eabi/10.3.1/../../../../arm-none-eabi/lib/thumb/v6-m/nofp\libcr_c.a(__init_alloc.o)
                0x1ffff5e4                __heaps
 .bss.ch1       0x1ffff5e8        0x1 ./source/main.o
                0x1ffff5e8                ch1
 .bss.ch        0x1ffff5e9        0x1 ./source/uart.o
                0x1ffff5e9                ch
 *(SORT_BY_ALIGNMENT(COMMON))
                0x1ffff5ec                . = ALIGN (0x4)
 *fill*         0x1ffff5ea        0x2 
                0x1ffff5ec                _ebss = .
                [!provide]                PROVIDE (__end_bss_RAM = .)
                [!provide]                PROVIDE (__end_bss_SRAM = .)
                [!provide]                PROVIDE (end = .)

.noinit         0x1ffff5ec        0x0
                0x1ffff5ec                _noinit = .
                [!provide]                PROVIDE (__start_noinit_RAM = .)
                [!provide]                PROVIDE (__start_noinit_SRAM = .)
 *(SORT_BY_ALIGNMENT(.noinit*))
                0x1ffff5ec                . = ALIGN (0x4)
                0x1ffff5ec                _end_noinit = .
                [!provide]                PROVIDE (__end_noinit_RAM = .)
                [!provide]                PROVIDE (__end_noinit_SRAM = .)

.ARM.extab
 *(SORT_BY_ALIGNMENT(.ARM.extab*) SORT_BY_ALIGNMENT(.gnu.linkonce.armextab.*))

.ARM.exidx      0x00008070        0x0
                0x00008070                __exidx_start = .
 *(SORT_BY_ALIGNMENT(.ARM.exidx*) SORT_BY_ALIGNMENT(.gnu.linkonce.armexidx.*))
                0x00008070                __exidx_end = .
                0x00000400                _HeapSize = 0x400

.heap           0x1ffff5ec      0x400
                0x1ffff5ec                _pvHeapStart = .
                0x1ffff9ec                . = (. + _HeapSize)
 *fill*         0x1ffff5ec      0x400 
                0x1ffff9ec                . = ALIGN (0x4)
                0x1ffff9ec                _pvHeapLimit = .
                0x00000400                _StackSize = 0x400

.heap2stackfill
                0x1ffff9ec      0x400
                0x1ffffdec                . = (. + _StackSize)
 *fill*         0x1ffff9ec      0x400 

.stack          0x20002c00        0x0
                0x20002c00                _vStackBase = .
                0x20002c00                . = ALIGN (0x4)
                0x20003000                _vStackTop = (. + _StackSize)
                0x00000000                _image_start = LOADADDR (.text)
                0x00008070                _image_end = (LOADADDR (.data) + SIZEOF (.data))
                0x00008070                _image_size = (_image_end - _image_start)
OUTPUT(PES_Final_Project.axf elf32-littlearm)
LOAD linker stubs

.debug_info     0x00000000     0xa361
 .debug_info    0x00000000      0xf61 ./utilities/fsl_debug_console.o
 .debug_info    0x00000f61      0x4eb ./startup/startup_mkl25z4.o
 .debug_info    0x0000144c      0x531 ./source/I2C.o
 .debug_info    0x0000197d      0x47b ./source/LED.o
 .debug_info    0x00001df8      0x1f1 ./source/MMA8451Q.o
 .debug_info    0x00001fe9      0x4ea ./source/Systick.o
 .debug_info    0x000024d3      0x31a ./source/cbfifo.o
 .debug_info    0x000027ed      0x41b ./source/main.o
 .debug_info    0x00002c08       0x53 ./source/mtb.o
 .debug_info    0x00002c5b       0x3c ./source/semihost_hardfault.o
 .debug_info    0x00002c97      0x3aa ./source/statemachine.o
 .debug_info    0x00003041      0x5e2 ./source/switch.o
 .debug_info    0x00003623      0x194 ./source/sysclock.o
 .debug_info    0x000037b7       0x90 ./source/test_angle_detect.o
 .debug_info    0x00003847      0x3c7 ./source/test_cbfifo.o
 .debug_info    0x00003c0e       0x89 ./source/test_led_pwm.o
 .debug_info    0x00003c97       0x89 ./source/test_suite.o
 .debug_info    0x00003d20      0x870 ./source/uart.o
 .debug_info    0x00004590     0x1a5a ./drivers/fsl_clock.o
 .debug_info    0x00005fea      0x3e8 ./drivers/fsl_common.o
 .debug_info    0x000063d2     0x140d ./drivers/fsl_lpsci.o
 .debug_info    0x000077df     0x13ae ./drivers/fsl_uart.o
 .debug_info    0x00008b8d      0x394 ./board/board.o
 .debug_info    0x00008f21      0xabc ./board/clock_config.o
 .debug_info    0x000099dd       0x3c ./board/peripherals.o
 .debug_info    0x00009a19      0x547 ./board/pin_mux.o
 .debug_info    0x00009f60      0x401 ./CMSIS/system_MKL25Z4.o

.debug_abbrev   0x00000000     0x266c
 .debug_abbrev  0x00000000      0x2a5 ./utilities/fsl_debug_console.o
 .debug_abbrev  0x000002a5      0x198 ./startup/startup_mkl25z4.o
 .debug_abbrev  0x0000043d      0x191 ./source/I2C.o
 .debug_abbrev  0x000005ce      0x141 ./source/LED.o
 .debug_abbrev  0x0000070f       0xf5 ./source/MMA8451Q.o
 .debug_abbrev  0x00000804      0x1db ./source/Systick.o
 .debug_abbrev  0x000009df      0x1ce ./source/cbfifo.o
 .debug_abbrev  0x00000bad      0x13d ./source/main.o
 .debug_abbrev  0x00000cea       0x46 ./source/mtb.o
 .debug_abbrev  0x00000d30       0x31 ./source/semihost_hardfault.o
 .debug_abbrev  0x00000d61      0x141 ./source/statemachine.o
 .debug_abbrev  0x00000ea2      0x16b ./source/switch.o
 .debug_abbrev  0x0000100d       0xb4 ./source/sysclock.o
 .debug_abbrev  0x000010c1       0x45 ./source/test_angle_detect.o
 .debug_abbrev  0x00001106      0x139 ./source/test_cbfifo.o
 .debug_abbrev  0x0000123f       0x45 ./source/test_led_pwm.o
 .debug_abbrev  0x00001284       0x45 ./source/test_suite.o
 .debug_abbrev  0x000012c9      0x225 ./source/uart.o
 .debug_abbrev  0x000014ee      0x357 ./drivers/fsl_clock.o
 .debug_abbrev  0x00001845      0x25b ./drivers/fsl_common.o
 .debug_abbrev  0x00001aa0      0x2d7 ./drivers/fsl_lpsci.o
 .debug_abbrev  0x00001d77      0x2f1 ./drivers/fsl_uart.o
 .debug_abbrev  0x00002068      0x11b ./board/board.o
 .debug_abbrev  0x00002183      0x201 ./board/clock_config.o
 .debug_abbrev  0x00002384       0x31 ./board/peripherals.o
 .debug_abbrev  0x000023b5      0x189 ./board/pin_mux.o
 .debug_abbrev  0x0000253e      0x12e ./CMSIS/system_MKL25Z4.o

.debug_aranges  0x00000000      0xa78
 .debug_aranges
                0x00000000       0x98 ./utilities/fsl_debug_console.o
 .debug_aranges
                0x00000098      0x160 ./startup/startup_mkl25z4.o
 .debug_aranges
                0x000001f8       0x58 ./source/I2C.o
 .debug_aranges
                0x00000250       0x28 ./source/LED.o
 .debug_aranges
                0x00000278       0x30 ./source/MMA8451Q.o
 .debug_aranges
                0x000002a8       0x60 ./source/Systick.o
 .debug_aranges
                0x00000308       0x40 ./source/cbfifo.o
 .debug_aranges
                0x00000348       0x30 ./source/main.o
 .debug_aranges
                0x00000378       0x18 ./source/mtb.o
 .debug_aranges
                0x00000390       0x20 ./source/semihost_hardfault.o
 .debug_aranges
                0x000003b0       0x48 ./source/statemachine.o
 .debug_aranges
                0x000003f8       0x30 ./source/switch.o
 .debug_aranges
                0x00000428       0x20 ./source/sysclock.o
 .debug_aranges
                0x00000448       0x20 ./source/test_angle_detect.o
 .debug_aranges
                0x00000468       0x28 ./source/test_cbfifo.o
 .debug_aranges
                0x00000490       0x20 ./source/test_led_pwm.o
 .debug_aranges
                0x000004b0       0x20 ./source/test_suite.o
 .debug_aranges
                0x000004d0       0x50 ./source/uart.o
 .debug_aranges
                0x00000520      0x1d8 ./drivers/fsl_clock.o
 .debug_aranges
                0x000006f8       0x38 ./drivers/fsl_common.o
 .debug_aranges
                0x00000730      0x118 ./drivers/fsl_lpsci.o
 .debug_aranges
                0x00000848      0x130 ./drivers/fsl_uart.o
 .debug_aranges
                0x00000978       0x28 ./board/board.o
 .debug_aranges
                0x000009a0       0x58 ./board/clock_config.o
 .debug_aranges
                0x000009f8       0x20 ./board/peripherals.o
 .debug_aranges
                0x00000a18       0x38 ./board/pin_mux.o
 .debug_aranges
                0x00000a50       0x28 ./CMSIS/system_MKL25Z4.o

.debug_ranges   0x00000000      0x8d8
 .debug_ranges  0x00000000       0x88 ./utilities/fsl_debug_console.o
 .debug_ranges  0x00000088      0x150 ./startup/startup_mkl25z4.o
 .debug_ranges  0x000001d8       0x48 ./source/I2C.o
 .debug_ranges  0x00000220       0x18 ./source/LED.o
 .debug_ranges  0x00000238       0x20 ./source/MMA8451Q.o
 .debug_ranges  0x00000258       0x50 ./source/Systick.o
 .debug_ranges  0x000002a8       0x30 ./source/cbfifo.o
 .debug_ranges  0x000002d8       0x20 ./source/main.o
 .debug_ranges  0x000002f8       0x10 ./source/semihost_hardfault.o
 .debug_ranges  0x00000308       0x38 ./source/statemachine.o
 .debug_ranges  0x00000340       0x20 ./source/switch.o
 .debug_ranges  0x00000360       0x10 ./source/sysclock.o
 .debug_ranges  0x00000370       0x10 ./source/test_angle_detect.o
 .debug_ranges  0x00000380       0x30 ./source/test_cbfifo.o
 .debug_ranges  0x000003b0       0x10 ./source/test_led_pwm.o
 .debug_ranges  0x000003c0       0x10 ./source/test_suite.o
 .debug_ranges  0x000003d0       0x40 ./source/uart.o
 .debug_ranges  0x00000410      0x1c8 ./drivers/fsl_clock.o
 .debug_ranges  0x000005d8       0x28 ./drivers/fsl_common.o
 .debug_ranges  0x00000600      0x108 ./drivers/fsl_lpsci.o
 .debug_ranges  0x00000708      0x120 ./drivers/fsl_uart.o
 .debug_ranges  0x00000828       0x18 ./board/board.o
 .debug_ranges  0x00000840       0x48 ./board/clock_config.o
 .debug_ranges  0x00000888       0x10 ./board/peripherals.o
 .debug_ranges  0x00000898       0x28 ./board/pin_mux.o
 .debug_ranges  0x000008c0       0x18 ./CMSIS/system_MKL25Z4.o

.debug_macro    0x00000000     0xeb4a
 .debug_macro   0x00000000      0x127 ./utilities/fsl_debug_console.o
 .debug_macro   0x00000127      0xa8a ./utilities/fsl_debug_console.o
 .debug_macro   0x00000bb1       0x10 ./utilities/fsl_debug_console.o
 .debug_macro   0x00000bc1       0x16 ./utilities/fsl_debug_console.o
 .debug_macro   0x00000bd7       0x10 ./utilities/fsl_debug_console.o
 .debug_macro   0x00000be7      0x12e ./utilities/fsl_debug_console.o
 .debug_macro   0x00000d15       0x28 ./utilities/fsl_debug_console.o
 .debug_macro   0x00000d3d       0xc4 ./utilities/fsl_debug_console.o
 .debug_macro   0x00000e01       0x16 ./utilities/fsl_debug_console.o
 .debug_macro   0x00000e17       0x22 ./utilities/fsl_debug_console.o
 .debug_macro   0x00000e39      0x5b3 ./utilities/fsl_debug_console.o
 .debug_macro   0x000013ec       0x10 ./utilities/fsl_debug_console.o
 .debug_macro   0x000013fc       0x3f ./utilities/fsl_debug_console.o
 .debug_macro   0x0000143b       0x3a ./utilities/fsl_debug_console.o
 .debug_macro   0x00001475       0x26 ./utilities/fsl_debug_console.o
 .debug_macro   0x0000149b      0x329 ./utilities/fsl_debug_console.o
 .debug_macro   0x000017c4       0x30 ./utilities/fsl_debug_console.o
 .debug_macro   0x000017f4     0x51e2 ./utilities/fsl_debug_console.o
 .debug_macro   0x000069d6     0x1352 ./utilities/fsl_debug_console.o
 .debug_macro   0x00007d28       0x3a ./utilities/fsl_debug_console.o
 .debug_macro   0x00007d62       0xf4 ./utilities/fsl_debug_console.o
 .debug_macro   0x00007e56       0x35 ./utilities/fsl_debug_console.o
 .debug_macro   0x00007e8b       0x2e ./utilities/fsl_debug_console.o
 .debug_macro   0x00007eb9       0x10 ./utilities/fsl_debug_console.o
 .debug_macro   0x00007ec9       0x10 ./utilities/fsl_debug_console.o
 .debug_macro   0x00007ed9       0x29 ./startup/startup_mkl25z4.o
 .debug_macro   0x00007f02       0x91 ./source/I2C.o
 .debug_macro   0x00007f93       0x3f ./source/I2C.o
 .debug_macro   0x00007fd2       0x34 ./source/I2C.o
 .debug_macro   0x00008006     0x51e2 ./source/I2C.o
 .debug_macro   0x0000d1e8       0x88 ./source/I2C.o
 .debug_macro   0x0000d270       0xa4 ./source/LED.o
 .debug_macro   0x0000d314       0xb6 ./source/MMA8451Q.o
 .debug_macro   0x0000d3ca       0xae ./source/MMA8451Q.o
 .debug_macro   0x0000d478       0x88 ./source/MMA8451Q.o
 .debug_macro   0x0000d500       0x46 ./source/MMA8451Q.o
 .debug_macro   0x0000d546       0xa2 ./source/Systick.o
 .debug_macro   0x0000d5e8       0xb7 ./source/cbfifo.o
 .debug_macro   0x0000d69f      0x1db ./source/main.o
 .debug_macro   0x0000d87a       0x16 ./source/main.o
 .debug_macro   0x0000d890       0x10 ./source/main.o
 .debug_macro   0x0000d8a0      0x112 ./source/main.o
 .debug_macro   0x0000d9b2       0x34 ./source/main.o
 .debug_macro   0x0000d9e6       0x1c ./source/main.o
 .debug_macro   0x0000da02       0x2f ./source/mtb.o
 .debug_macro   0x0000da31       0x82 ./source/mtb.o
 .debug_macro   0x0000dab3       0x10 ./source/mtb.o
 .debug_macro   0x0000dac3       0x11 ./source/semihost_hardfault.o
 .debug_macro   0x0000dad4      0x13c ./source/statemachine.o
 .debug_macro   0x0000dc10       0xa5 ./source/switch.o
 .debug_macro   0x0000dcb5       0x92 ./source/sysclock.o
 .debug_macro   0x0000dd47      0x14a ./source/test_angle_detect.o
 .debug_macro   0x0000de91      0x12b ./source/test_cbfifo.o
 .debug_macro   0x0000dfbc      0x114 ./source/test_led_pwm.o
 .debug_macro   0x0000e0d0      0x133 ./source/test_suite.o
 .debug_macro   0x0000e203       0xcd ./source/uart.o
 .debug_macro   0x0000e2d0      0x196 ./drivers/fsl_clock.o
 .debug_macro   0x0000e466       0x1c ./drivers/fsl_clock.o
 .debug_macro   0x0000e482       0xef ./drivers/fsl_common.o
 .debug_macro   0x0000e571       0xec ./drivers/fsl_lpsci.o
 .debug_macro   0x0000e65d       0xf2 ./drivers/fsl_uart.o
 .debug_macro   0x0000e74f      0x112 ./board/board.o
 .debug_macro   0x0000e861      0x123 ./board/clock_config.o
 .debug_macro   0x0000e984       0x1b ./board/peripherals.o
 .debug_macro   0x0000e99f      0x107 ./board/pin_mux.o
 .debug_macro   0x0000eaa6       0x10 ./board/pin_mux.o
 .debug_macro   0x0000eab6       0x94 ./CMSIS/system_MKL25Z4.o

.debug_line     0x00000000     0x8963
 .debug_line    0x00000000      0xde5 ./utilities/fsl_debug_console.o
 .debug_line    0x00000de5      0x1ed ./startup/startup_mkl25z4.o
 .debug_line    0x00000fd2      0x3d7 ./source/I2C.o
 .debug_line    0x000013a9      0x2ce ./source/LED.o
 .debug_line    0x00001677      0x377 ./source/MMA8451Q.o
 .debug_line    0x000019ee      0x3c2 ./source/Systick.o
 .debug_line    0x00001db0      0x3c2 ./source/cbfifo.o
 .debug_line    0x00002172      0x616 ./source/main.o
 .debug_line    0x00002788       0xd1 ./source/mtb.o
 .debug_line    0x00002859       0x59 ./source/semihost_hardfault.o
 .debug_line    0x000028b2      0x57c ./source/statemachine.o
 .debug_line    0x00002e2e      0x2af ./source/switch.o
 .debug_line    0x000030dd      0x24c ./source/sysclock.o
 .debug_line    0x00003329      0x482 ./source/test_angle_detect.o
 .debug_line    0x000037ab      0x412 ./source/test_cbfifo.o
 .debug_line    0x00003bbd      0x421 ./source/test_led_pwm.o
 .debug_line    0x00003fde      0x3eb ./source/test_suite.o
 .debug_line    0x000043c9      0x457 ./source/uart.o
 .debug_line    0x00004820     0x1306 ./drivers/fsl_clock.o
 .debug_line    0x00005b26      0x456 ./drivers/fsl_common.o
 .debug_line    0x00005f7c      0xd7f ./drivers/fsl_lpsci.o
 .debug_line    0x00006cfb      0xd6e ./drivers/fsl_uart.o
 .debug_line    0x00007a69      0x3ca ./board/board.o
 .debug_line    0x00007e33      0x40d ./board/clock_config.o
 .debug_line    0x00008240       0x5c ./board/peripherals.o
 .debug_line    0x0000829c      0x394 ./board/pin_mux.o
 .debug_line    0x00008630      0x333 ./CMSIS/system_MKL25Z4.o

.debug_str      0x00000000    0x369f5
 .debug_str     0x00000000    0x31415 ./utilities/fsl_debug_console.o
                              0x316b9 (size before relaxing)
 .debug_str     0x00031415      0x3cd ./startup/startup_mkl25z4.o
                               0x30f4 (size before relaxing)
 .debug_str     0x000317e2      0x42b ./source/I2C.o
                              0x29051 (size before relaxing)
 .debug_str     0x00031c0d       0x7e ./source/LED.o
                              0x28d95 (size before relaxing)
 .debug_str     0x00031c8b      0x371 ./source/MMA8451Q.o
                              0x29770 (size before relaxing)
 .debug_str     0x00031ffc      0x2c9 ./source/Systick.o
                              0x291f6 (size before relaxing)
 .debug_str     0x000322c5       0xf0 ./source/cbfifo.o
                              0x28fae (size before relaxing)
 .debug_str     0x000323b5      0xbdd ./source/main.o
                              0x31f85 (size before relaxing)
 .debug_str     0x00032f92      0x532 ./source/mtb.o
                               0x3214 (size before relaxing)
 .debug_str     0x000334c4       0x1f ./source/semihost_hardfault.o
                               0x2d01 (size before relaxing)
 .debug_str     0x000334e3      0x140 ./source/statemachine.o
                              0x315c8 (size before relaxing)
 .debug_str     0x00033623       0x47 ./source/switch.o
                              0x29222 (size before relaxing)
 .debug_str     0x0003366a       0x38 ./source/sysclock.o
                              0x28c8a (size before relaxing)
 .debug_str     0x000336a2       0x36 ./source/test_angle_detect.o
                              0x30fa7 (size before relaxing)
 .debug_str     0x000336d8      0x1ea ./source/test_cbfifo.o
                              0x30d89 (size before relaxing)
 .debug_str     0x000338c2       0x26 ./source/test_led_pwm.o
                              0x3070b (size before relaxing)
 .debug_str     0x000338e8       0x22 ./source/test_suite.o
                              0x30716 (size before relaxing)
 .debug_str     0x0003390a       0x97 ./source/uart.o
                              0x2932e (size before relaxing)
 .debug_str     0x000339a1     0x1774 ./drivers/fsl_clock.o
                              0x321c9 (size before relaxing)
 .debug_str     0x00035115       0xe1 ./drivers/fsl_common.o
                              0x30797 (size before relaxing)
 .debug_str     0x000351f6      0x95f ./drivers/fsl_lpsci.o
                              0x317b8 (size before relaxing)
 .debug_str     0x00035b55      0x832 ./drivers/fsl_uart.o
                              0x317db (size before relaxing)
 .debug_str     0x00036387       0x4c ./board/board.o
                              0x30f90 (size before relaxing)
 .debug_str     0x000363d3      0x3c1 ./board/clock_config.o
                              0x310fa (size before relaxing)
 .debug_str     0x00036794       0x31 ./board/peripherals.o
                               0x2d12 (size before relaxing)
 .debug_str     0x000367c5      0x1e1 ./board/pin_mux.o
                              0x30841 (size before relaxing)
 .debug_str     0x000369a6       0x4f ./CMSIS/system_MKL25Z4.o
                              0x2fb43 (size before relaxing)

.comment        0x00000000       0x49
 .comment       0x00000000       0x49 ./utilities/fsl_debug_console.o
                                 0x4a (size before relaxing)
 .comment       0x00000049       0x4a ./startup/startup_mkl25z4.o
 .comment       0x00000049       0x4a ./source/I2C.o
 .comment       0x00000049       0x4a ./source/LED.o
 .comment       0x00000049       0x4a ./source/MMA8451Q.o
 .comment       0x00000049       0x4a ./source/Systick.o
 .comment       0x00000049       0x4a ./source/cbfifo.o
 .comment       0x00000049       0x4a ./source/main.o
 .comment       0x00000049       0x4a ./source/mtb.o
 .comment       0x00000049       0x4a ./source/semihost_hardfault.o
 .comment       0x00000049       0x4a ./source/statemachine.o
 .comment       0x00000049       0x4a ./source/switch.o
 .comment       0x00000049       0x4a ./source/sysclock.o
 .comment       0x00000049       0x4a ./source/test_angle_detect.o
 .comment       0x00000049       0x4a ./source/test_cbfifo.o
 .comment       0x00000049       0x4a ./source/test_led_pwm.o
 .comment       0x00000049       0x4a ./source/test_suite.o
 .comment       0x00000049       0x4a ./source/uart.o
 .comment       0x00000049       0x4a ./drivers/fsl_clock.o
 .comment       0x00000049       0x4a ./drivers/fsl_common.o
 .comment       0x00000049       0x4a ./drivers/fsl_lpsci.o
 .comment       0x00000049       0x4a ./drivers/fsl_uart.o
 .comment       0x00000049       0x4a ./board/board.o
 .comment       0x00000049       0x4a ./board/clock_config.o
 .comment       0x00000049       0x4a ./board/peripherals.o
 .comment       0x00000049       0x4a ./board/pin_mux.o
 .comment       0x00000049       0x4a ./CMSIS/system_MKL25Z4.o
 .comment       0x00000049       0x4a c:/nxp/mcuxpressoide_11.6.0_8187/ide/plugins/com.nxp.mcuxpresso.tools.win32_11.6.0.202112161359/tools/bin/../lib/gcc/arm-none-eabi/10.3.1/../../../../arm-none-eabi/lib/thumb/v6-m/nofp\libcr_nohost_nf.a(__ciob.o)
 .comment       0x00000049       0x4a c:/nxp/mcuxpressoide_11.6.0_8187/ide/plugins/com.nxp.mcuxpresso.tools.win32_11.6.0.202112161359/tools/bin/../lib/gcc/arm-none-eabi/10.3.1/../../../../arm-none-eabi/lib/thumb/v6-m/nofp\libcr_nohost_nf.a(_cr__main.o)
 .comment       0x00000049       0x4a c:/nxp/mcuxpressoide_11.6.0_8187/ide/plugins/com.nxp.mcuxpresso.tools.win32_11.6.0.202112161359/tools/bin/../lib/gcc/arm-none-eabi/10.3.1/../../../../arm-none-eabi/lib/thumb/v6-m/nofp\libcr_c.a(memset.o)
 .comment       0x00000049       0x4a c:/nxp/mcuxpressoide_11.6.0_8187/ide/plugins/com.nxp.mcuxpresso.tools.win32_11.6.0.202112161359/tools/bin/../lib/gcc/arm-none-eabi/10.3.1/../../../../arm-none-eabi/lib/thumb/v6-m/nofp\libcr_c.a(__fillbuf.o)
 .comment       0x00000049       0x4a c:/nxp/mcuxpressoide_11.6.0_8187/ide/plugins/com.nxp.mcuxpresso.tools.win32_11.6.0.202112161359/tools/bin/../lib/gcc/arm-none-eabi/10.3.1/../../../../arm-none-eabi/lib/thumb/v6-m/nofp\libcr_c.a(_deferredlazyseek.o)
 .comment       0x00000049       0x4a c:/nxp/mcuxpressoide_11.6.0_8187/ide/plugins/com.nxp.mcuxpresso.tools.win32_11.6.0.202112161359/tools/bin/../lib/gcc/arm-none-eabi/10.3.1/../../../../arm-none-eabi/lib/thumb/v6-m/nofp\libcr_c.a(_fflush.o)
 .comment       0x00000049       0x4a c:/nxp/mcuxpressoide_11.6.0_8187/ide/plugins/com.nxp.mcuxpresso.tools.win32_11.6.0.202112161359/tools/bin/../lib/gcc/arm-none-eabi/10.3.1/../../../../arm-none-eabi/lib/thumb/v6-m/nofp\libcr_c.a(_writebuf.o)
 .comment       0x00000049       0x4a c:/nxp/mcuxpressoide_11.6.0_8187/ide/plugins/com.nxp.mcuxpresso.tools.win32_11.6.0.202112161359/tools/bin/../lib/gcc/arm-none-eabi/10.3.1/../../../../arm-none-eabi/lib/thumb/v6-m/nofp\libcr_c.a(alloc.o)
 .comment       0x00000049       0x4a c:/nxp/mcuxpressoide_11.6.0_8187/ide/plugins/com.nxp.mcuxpresso.tools.win32_11.6.0.202112161359/tools/bin/../lib/gcc/arm-none-eabi/10.3.1/../../../../arm-none-eabi/lib/thumb/v6-m/nofp\libcr_c.a(atan2.o)
 .comment       0x00000049       0x4a c:/nxp/mcuxpressoide_11.6.0_8187/ide/plugins/com.nxp.mcuxpresso.tools.win32_11.6.0.202112161359/tools/bin/../lib/gcc/arm-none-eabi/10.3.1/../../../../arm-none-eabi/lib/thumb/v6-m/nofp\libcr_c.a(errno.o)
 .comment       0x00000049       0x4a c:/nxp/mcuxpressoide_11.6.0_8187/ide/plugins/com.nxp.mcuxpresso.tools.win32_11.6.0.202112161359/tools/bin/../lib/gcc/arm-none-eabi/10.3.1/../../../../arm-none-eabi/lib/thumb/v6-m/nofp\libcr_c.a(fabs.o)
 .comment       0x00000049       0x4a c:/nxp/mcuxpressoide_11.6.0_8187/ide/plugins/com.nxp.mcuxpresso.tools.win32_11.6.0.202112161359/tools/bin/../lib/gcc/arm-none-eabi/10.3.1/../../../../arm-none-eabi/lib/thumb/v6-m/nofp\libcr_c.a(fpprintf.o)
 .comment       0x00000049       0x4a c:/nxp/mcuxpressoide_11.6.0_8187/ide/plugins/com.nxp.mcuxpresso.tools.win32_11.6.0.202112161359/tools/bin/../lib/gcc/arm-none-eabi/10.3.1/../../../../arm-none-eabi/lib/thumb/v6-m/nofp\libcr_c.a(fseek.o)
 .comment       0x00000049       0x4a c:/nxp/mcuxpressoide_11.6.0_8187/ide/plugins/com.nxp.mcuxpresso.tools.win32_11.6.0.202112161359/tools/bin/../lib/gcc/arm-none-eabi/10.3.1/../../../../arm-none-eabi/lib/thumb/v6-m/nofp\libcr_c.a(ftell.o)
 .comment       0x00000049       0x4a c:/nxp/mcuxpressoide_11.6.0_8187/ide/plugins/com.nxp.mcuxpresso.tools.win32_11.6.0.202112161359/tools/bin/../lib/gcc/arm-none-eabi/10.3.1/../../../../arm-none-eabi/lib/thumb/v6-m/nofp\libcr_c.a(initio.o)
 .comment       0x00000049       0x4a c:/nxp/mcuxpressoide_11.6.0_8187/ide/plugins/com.nxp.mcuxpresso.tools.win32_11.6.0.202112161359/tools/bin/../lib/gcc/arm-none-eabi/10.3.1/../../../../arm-none-eabi/lib/thumb/v6-m/nofp\libcr_c.a(modf.o)
 .comment       0x00000049       0x4a c:/nxp/mcuxpressoide_11.6.0_8187/ide/plugins/com.nxp.mcuxpresso.tools.win32_11.6.0.202112161359/tools/bin/../lib/gcc/arm-none-eabi/10.3.1/../../../../arm-none-eabi/lib/thumb/v6-m/nofp\libcr_c.a(pow.o)
 .comment       0x00000049       0x4a c:/nxp/mcuxpressoide_11.6.0_8187/ide/plugins/com.nxp.mcuxpresso.tools.win32_11.6.0.202112161359/tools/bin/../lib/gcc/arm-none-eabi/10.3.1/../../../../arm-none-eabi/lib/thumb/v6-m/nofp\libcr_c.a(printf.o)
 .comment       0x00000049       0x4a c:/nxp/mcuxpressoide_11.6.0_8187/ide/plugins/com.nxp.mcuxpresso.tools.win32_11.6.0.202112161359/tools/bin/../lib/gcc/arm-none-eabi/10.3.1/../../../../arm-none-eabi/lib/thumb/v6-m/nofp\libcr_c.a(setvbuf.o)
 .comment       0x00000049       0x4a c:/nxp/mcuxpressoide_11.6.0_8187/ide/plugins/com.nxp.mcuxpresso.tools.win32_11.6.0.202112161359/tools/bin/../lib/gcc/arm-none-eabi/10.3.1/../../../../arm-none-eabi/lib/thumb/v6-m/nofp\libcr_c.a(sqrt.o)
 .comment       0x00000049       0x4a c:/nxp/mcuxpressoide_11.6.0_8187/ide/plugins/com.nxp.mcuxpresso.tools.win32_11.6.0.202112161359/tools/bin/../lib/gcc/arm-none-eabi/10.3.1/../../../../arm-none-eabi/lib/thumb/v6-m/nofp\libcr_c.a(strcmp.o)
 .comment       0x00000049       0x4a c:/nxp/mcuxpressoide_11.6.0_8187/ide/plugins/com.nxp.mcuxpresso.tools.win32_11.6.0.202112161359/tools/bin/../lib/gcc/arm-none-eabi/10.3.1/../../../../arm-none-eabi/lib/thumb/v6-m/nofp\libcr_c.a(strlen.o)
 .comment       0x00000049       0x4a c:/nxp/mcuxpressoide_11.6.0_8187/ide/plugins/com.nxp.mcuxpresso.tools.win32_11.6.0.202112161359/tools/bin/../lib/gcc/arm-none-eabi/10.3.1/../../../../arm-none-eabi/lib/thumb/v6-m/nofp\libcr_c.a(__init_alloc.o)
 .comment       0x00000049       0x4a c:/nxp/mcuxpressoide_11.6.0_8187/ide/plugins/com.nxp.mcuxpresso.tools.win32_11.6.0.202112161359/tools/bin/../lib/gcc/arm-none-eabi/10.3.1/../../../../arm-none-eabi/lib/thumb/v6-m/nofp\libcr_c.a(_cr_sbrk.o)
 .comment       0x00000049       0x4a c:/nxp/mcuxpressoide_11.6.0_8187/ide/plugins/com.nxp.mcuxpresso.tools.win32_11.6.0.202112161359/tools/bin/../lib/gcc/arm-none-eabi/10.3.1/../../../../arm-none-eabi/lib/thumb/v6-m/nofp\libcr_c.a(_fdopen.o)
 .comment       0x00000049       0x4a c:/nxp/mcuxpressoide_11.6.0_8187/ide/plugins/com.nxp.mcuxpresso.tools.win32_11.6.0.202112161359/tools/bin/../lib/gcc/arm-none-eabi/10.3.1/../../../../arm-none-eabi/lib/thumb/v6-m/nofp\libcr_c.a(_frexpl.o)
 .comment       0x00000049       0x4a c:/nxp/mcuxpressoide_11.6.0_8187/ide/plugins/com.nxp.mcuxpresso.tools.win32_11.6.0.202112161359/tools/bin/../lib/gcc/arm-none-eabi/10.3.1/../../../../arm-none-eabi/lib/thumb/v6-m/nofp\libcr_c.a(_ldexpl.o)
 .comment       0x00000049       0x4a c:/nxp/mcuxpressoide_11.6.0_8187/ide/plugins/com.nxp.mcuxpresso.tools.win32_11.6.0.202112161359/tools/bin/../lib/gcc/arm-none-eabi/10.3.1/../../../../arm-none-eabi/lib/thumb/v6-m/nofp\libcr_c.a(atan.o)
 .comment       0x00000049       0x4a c:/nxp/mcuxpressoide_11.6.0_8187/ide/plugins/com.nxp.mcuxpresso.tools.win32_11.6.0.202112161359/tools/bin/../lib/gcc/arm-none-eabi/10.3.1/../../../../arm-none-eabi/lib/thumb/v6-m/nofp\libcr_c.a(fclose.o)
 .comment       0x00000049       0x4a c:/nxp/mcuxpressoide_11.6.0_8187/ide/plugins/com.nxp.mcuxpresso.tools.win32_11.6.0.202112161359/tools/bin/../lib/gcc/arm-none-eabi/10.3.1/../../../../arm-none-eabi/lib/thumb/v6-m/nofp\libcr_c.a(fflush.o)
 .comment       0x00000049       0x4a c:/nxp/mcuxpressoide_11.6.0_8187/ide/plugins/com.nxp.mcuxpresso.tools.win32_11.6.0.202112161359/tools/bin/../lib/gcc/arm-none-eabi/10.3.1/../../../../arm-none-eabi/lib/thumb/v6-m/nofp\libcr_c.a(frexp.o)
 .comment       0x00000049       0x4a c:/nxp/mcuxpressoide_11.6.0_8187/ide/plugins/com.nxp.mcuxpresso.tools.win32_11.6.0.202112161359/tools/bin/../lib/gcc/arm-none-eabi/10.3.1/../../../../arm-none-eabi/lib/thumb/v6-m/nofp\libcr_c.a(ldexp.o)
 .comment       0x00000049       0x4a c:/nxp/mcuxpressoide_11.6.0_8187/ide/plugins/com.nxp.mcuxpresso.tools.win32_11.6.0.202112161359/tools/bin/../lib/gcc/arm-none-eabi/10.3.1/../../../../arm-none-eabi/lib/thumb/v6-m/nofp\libcr_c.a(remove.o)
 .comment       0x00000049       0x4a c:/nxp/mcuxpressoide_11.6.0_8187/ide/plugins/com.nxp.mcuxpresso.tools.win32_11.6.0.202112161359/tools/bin/../lib/gcc/arm-none-eabi/10.3.1/../../../../arm-none-eabi/lib/thumb/v6-m/nofp\libcr_c.a(_cr_check_heap.o)
 .comment       0x00000049       0x4a c:/nxp/mcuxpressoide_11.6.0_8187/ide/plugins/com.nxp.mcuxpresso.tools.win32_11.6.0.202112161359/tools/bin/../lib/gcc/arm-none-eabi/10.3.1/../../../../arm-none-eabi/lib/thumb/v6-m/nofp\libcr_c.a(_do_fflush.o)
 .comment       0x00000049       0x4a c:/nxp/mcuxpressoide_11.6.0_8187/ide/plugins/com.nxp.mcuxpresso.tools.win32_11.6.0.202112161359/tools/bin/../lib/gcc/arm-none-eabi/10.3.1/thumb/v6-m/nofp\libcr_eabihelpers.a(double.o)
 .comment       0x00000049       0x4a c:/nxp/mcuxpressoide_11.6.0_8187/ide/plugins/com.nxp.mcuxpresso.tools.win32_11.6.0.202112161359/tools/bin/../lib/gcc/arm-none-eabi/10.3.1/thumb/v6-m/nofp\libcr_eabihelpers.a(float.o)
 .comment       0x00000049       0x4a c:/nxp/mcuxpressoide_11.6.0_8187/ide/plugins/com.nxp.mcuxpresso.tools.win32_11.6.0.202112161359/tools/bin/../lib/gcc/arm-none-eabi/10.3.1/../../../../arm-none-eabi/lib/thumb/v6-m/nofp\libcr_nohost_nf.a(__sys_appexit.o)
 .comment       0x00000049       0x4a c:/nxp/mcuxpressoide_11.6.0_8187/ide/plugins/com.nxp.mcuxpresso.tools.win32_11.6.0.202112161359/tools/bin/../lib/gcc/arm-none-eabi/10.3.1/../../../../arm-none-eabi/lib/thumb/v6-m/nofp\libcr_nohost_nf.a(__sys_close.o)
 .comment       0x00000049       0x4a c:/nxp/mcuxpressoide_11.6.0_8187/ide/plugins/com.nxp.mcuxpresso.tools.win32_11.6.0.202112161359/tools/bin/../lib/gcc/arm-none-eabi/10.3.1/../../../../arm-none-eabi/lib/thumb/v6-m/nofp\libcr_nohost_nf.a(__sys_flen.o)
 .comment       0x00000049       0x4a c:/nxp/mcuxpressoide_11.6.0_8187/ide/plugins/com.nxp.mcuxpresso.tools.win32_11.6.0.202112161359/tools/bin/../lib/gcc/arm-none-eabi/10.3.1/../../../../arm-none-eabi/lib/thumb/v6-m/nofp\libcr_nohost_nf.a(__sys_istty.o)
 .comment       0x00000049       0x4a c:/nxp/mcuxpressoide_11.6.0_8187/ide/plugins/com.nxp.mcuxpresso.tools.win32_11.6.0.202112161359/tools/bin/../lib/gcc/arm-none-eabi/10.3.1/../../../../arm-none-eabi/lib/thumb/v6-m/nofp\libcr_nohost_nf.a(__sys_read.o)
 .comment       0x00000049       0x4a c:/nxp/mcuxpressoide_11.6.0_8187/ide/plugins/com.nxp.mcuxpresso.tools.win32_11.6.0.202112161359/tools/bin/../lib/gcc/arm-none-eabi/10.3.1/../../../../arm-none-eabi/lib/thumb/v6-m/nofp\libcr_nohost_nf.a(__sys_remove.o)
 .comment       0x00000049       0x4a c:/nxp/mcuxpressoide_11.6.0_8187/ide/plugins/com.nxp.mcuxpresso.tools.win32_11.6.0.202112161359/tools/bin/../lib/gcc/arm-none-eabi/10.3.1/../../../../arm-none-eabi/lib/thumb/v6-m/nofp\libcr_nohost_nf.a(__sys_seek.o)
 .comment       0x00000049       0x4a c:/nxp/mcuxpressoide_11.6.0_8187/ide/plugins/com.nxp.mcuxpresso.tools.win32_11.6.0.202112161359/tools/bin/../lib/gcc/arm-none-eabi/10.3.1/../../../../arm-none-eabi/lib/thumb/v6-m/nofp\libcr_nohost_nf.a(__sys_tmpnam.o)

.ARM.attributes
                0x00000000       0x2a
 .ARM.attributes
                0x00000000       0x2c ./utilities/fsl_debug_console.o
 .ARM.attributes
                0x0000002c       0x2c ./startup/startup_mkl25z4.o
 .ARM.attributes
                0x00000058       0x2c ./source/I2C.o
 .ARM.attributes
                0x00000084       0x2c ./source/LED.o
 .ARM.attributes
                0x000000b0       0x2c ./source/MMA8451Q.o
 .ARM.attributes
                0x000000dc       0x2c ./source/Systick.o
 .ARM.attributes
                0x00000108       0x2c ./source/cbfifo.o
 .ARM.attributes
                0x00000134       0x2c ./source/main.o
 .ARM.attributes
                0x00000160       0x2c ./source/mtb.o
 .ARM.attributes
                0x0000018c       0x2c ./source/semihost_hardfault.o
 .ARM.attributes
                0x000001b8       0x2c ./source/statemachine.o
 .ARM.attributes
                0x000001e4       0x2c ./source/switch.o
 .ARM.attributes
                0x00000210       0x2c ./source/sysclock.o
 .ARM.attributes
                0x0000023c       0x2c ./source/test_angle_detect.o
 .ARM.attributes
                0x00000268       0x2c ./source/test_cbfifo.o
 .ARM.attributes
                0x00000294       0x2c ./source/test_led_pwm.o
 .ARM.attributes
                0x000002c0       0x2c ./source/test_suite.o
 .ARM.attributes
                0x000002ec       0x2c ./source/uart.o
 .ARM.attributes
                0x00000318       0x2c ./drivers/fsl_clock.o
 .ARM.attributes
                0x00000344       0x2c ./drivers/fsl_common.o
 .ARM.attributes
                0x00000370       0x2c ./drivers/fsl_lpsci.o
 .ARM.attributes
                0x0000039c       0x2c ./drivers/fsl_uart.o
 .ARM.attributes
                0x000003c8       0x2c ./board/board.o
 .ARM.attributes
                0x000003f4       0x2c ./board/clock_config.o
 .ARM.attributes
                0x00000420       0x2c ./board/peripherals.o
 .ARM.attributes
                0x0000044c       0x2c ./board/pin_mux.o
 .ARM.attributes
                0x00000478       0x2c ./CMSIS/system_MKL25Z4.o
 .ARM.attributes
                0x000004a4       0x2c c:/nxp/mcuxpressoide_11.6.0_8187/ide/plugins/com.nxp.mcuxpresso.tools.win32_11.6.0.202112161359/tools/bin/../lib/gcc/arm-none-eabi/10.3.1/../../../../arm-none-eabi/lib/thumb/v6-m/nofp\libcr_nohost_nf.a(__ciob.o)
 .ARM.attributes
                0x000004d0       0x2c c:/nxp/mcuxpressoide_11.6.0_8187/ide/plugins/com.nxp.mcuxpresso.tools.win32_11.6.0.202112161359/tools/bin/../lib/gcc/arm-none-eabi/10.3.1/../../../../arm-none-eabi/lib/thumb/v6-m/nofp\libcr_nohost_nf.a(_cr__main.o)
 .ARM.attributes
                0x000004fc       0x2c c:/nxp/mcuxpressoide_11.6.0_8187/ide/plugins/com.nxp.mcuxpresso.tools.win32_11.6.0.202112161359/tools/bin/../lib/gcc/arm-none-eabi/10.3.1/../../../../arm-none-eabi/lib/thumb/v6-m/nofp\libcr_c.a(memset.o)
 .ARM.attributes
                0x00000528       0x2c c:/nxp/mcuxpressoide_11.6.0_8187/ide/plugins/com.nxp.mcuxpresso.tools.win32_11.6.0.202112161359/tools/bin/../lib/gcc/arm-none-eabi/10.3.1/../../../../arm-none-eabi/lib/thumb/v6-m/nofp\libcr_c.a(__fillbuf.o)
 .ARM.attributes
                0x00000554       0x2c c:/nxp/mcuxpressoide_11.6.0_8187/ide/plugins/com.nxp.mcuxpresso.tools.win32_11.6.0.202112161359/tools/bin/../lib/gcc/arm-none-eabi/10.3.1/../../../../arm-none-eabi/lib/thumb/v6-m/nofp\libcr_c.a(_deferredlazyseek.o)
 .ARM.attributes
                0x00000580       0x2c c:/nxp/mcuxpressoide_11.6.0_8187/ide/plugins/com.nxp.mcuxpresso.tools.win32_11.6.0.202112161359/tools/bin/../lib/gcc/arm-none-eabi/10.3.1/../../../../arm-none-eabi/lib/thumb/v6-m/nofp\libcr_c.a(_fflush.o)
 .ARM.attributes
                0x000005ac       0x2c c:/nxp/mcuxpressoide_11.6.0_8187/ide/plugins/com.nxp.mcuxpresso.tools.win32_11.6.0.202112161359/tools/bin/../lib/gcc/arm-none-eabi/10.3.1/../../../../arm-none-eabi/lib/thumb/v6-m/nofp\libcr_c.a(_writebuf.o)
 .ARM.attributes
                0x000005d8       0x2c c:/nxp/mcuxpressoide_11.6.0_8187/ide/plugins/com.nxp.mcuxpresso.tools.win32_11.6.0.202112161359/tools/bin/../lib/gcc/arm-none-eabi/10.3.1/../../../../arm-none-eabi/lib/thumb/v6-m/nofp\libcr_c.a(alloc.o)
 .ARM.attributes