C:\Users\Rajesh\Documents\MCUXpressoIDE_11.6.0_8187\workspace\PES_Final_Project\CMSIS/core_cm0plus.h:745:22:NVIC_EnableIRQ	16	static
C:\Users\Rajesh\Documents\MCUXpressoIDE_11.6.0_8187\workspace\PES_Final_Project\CMSIS/core_cm0plus.h:791:22:NVIC_ClearPendingIRQ	16	static
C:\Users\Rajesh\Documents\MCUXpressoIDE_11.6.0_8187\workspace\PES_Final_Project\CMSIS/core_cm0plus.h:804:22:NVIC_SetPriority	24	static
../source/Touch_Sens.c:22:6:init_touchsensor	8	static
../source/Touch_Sens.c:61:6:TSI0_IRQHandler	16	static
../source/Touch_Sens.c:92:6:touch_scan	8	static
